Oct 24 18:18:12 vethlinux systemd-journald[21]: Journal started
Oct 24 18:18:12 vethlinux systemd-journald[21]: Runtime Journal (/run/log/journal/31385e2b3bd747d1a8535a26baea86fb) is 8.0M, max 319.8M, 311.8M free.
Oct 24 18:18:12 vethlinux systemd[1]: Starting Flush Journal to Persistent Storage...
Oct 24 18:18:12 vethlinux systemd-journald[21]: Time spent on flushing to /var/log/journal/31385e2b3bd747d1a8535a26baea86fb is 1.045ms for 3 entries.
Oct 24 18:18:12 vethlinux systemd-journald[21]: System Journal (/var/log/journal/31385e2b3bd747d1a8535a26baea86fb) is 8.0M, max 1.9G, 1.9G free.
Oct 24 18:18:12 vethlinux systemd[1]: Finished Create System Users.
Oct 24 18:18:12 vethlinux systemd[1]: Starting Create Static Device Nodes in /dev...
Oct 24 18:18:12 vethlinux systemd[1]: Finished Create Static Device Nodes in /dev.
Oct 24 18:18:12 vethlinux systemd[1]: Rule-based Manager for Device Events and Files was skipped because of a failed condition check (ConditionPathIsReadWrite=/sys).
Oct 24 18:18:12 vethlinux systemd[1]: Finished Flush Journal to Persistent Storage.
Oct 24 18:18:12 vethlinux systemd[1]: Finished Monitoring of LVM2 mirrors, snapshots etc. using dmeventd or progress polling.
Oct 24 18:18:12 vethlinux systemd[1]: Reached target Preparation for Local File Systems.
Oct 24 18:18:12 vethlinux systemd[1]: Virtual Machine and Container Storage (Compatibility) was skipped because of a failed condition check (ConditionPathExists=/var/lib/machines.raw).
Oct 24 18:18:12 vethlinux systemd[1]: Reached target Local File Systems.
Oct 24 18:18:12 vethlinux systemd[1]: Starting Rebuild Dynamic Linker Cache...
Oct 24 18:18:12 vethlinux systemd[1]: Set Up Additional Binary Formats was skipped because of a failed condition check (ConditionPathIsReadWrite=/proc/sys).
Oct 24 18:18:12 vethlinux systemd[1]: Store a System Token in an EFI Variable was skipped because of a failed condition check (ConditionPathExists=/sys/firmware/efi/efivars/LoaderFeatures-4a67b082-0a4c-41cf-b6c7-440b29bb8c4f).
Oct 24 18:18:12 vethlinux systemd[1]: Commit a transient machine-id on disk was skipped because of a failed condition check (ConditionPathIsMountPoint=/etc/machine-id).
Oct 24 18:18:12 vethlinux systemd[1]: Starting Create Volatile Files and Directories...
Oct 24 18:18:12 vethlinux systemd[1]: Finished Rebuild Dynamic Linker Cache.
Oct 24 18:18:12 vethlinux systemd[1]: Finished Create Volatile Files and Directories.
Oct 24 18:18:12 vethlinux systemd[1]: Starting Rebuild Journal Catalog...
Oct 24 18:18:12 vethlinux systemd[1]: Network Time Synchronization was skipped because of a failed condition check (ConditionVirtualization=!container).
Oct 24 18:18:12 vethlinux systemd[1]: Reached target System Time Set.
Oct 24 18:18:12 vethlinux systemd[1]: Starting Record System Boot/Shutdown in UTMP...
Oct 24 18:18:12 vethlinux systemd[1]: Finished Record System Boot/Shutdown in UTMP.
Oct 24 18:18:12 vethlinux systemd[1]: Finished Rebuild Journal Catalog.
Oct 24 18:18:12 vethlinux systemd[1]: Starting Update is Completed...
Oct 24 18:18:12 vethlinux systemd[1]: Finished Update is Completed.
Oct 24 18:18:12 vethlinux systemd[1]: Reached target System Initialization.
Oct 24 18:18:12 vethlinux systemd[1]: Started Refresh existing PGP keys of archlinux-keyring regularly.
Oct 24 18:18:12 vethlinux systemd[1]: Discard unused blocks once a week was skipped because of a failed condition check (ConditionVirtualization=!container).
Oct 24 18:18:12 vethlinux systemd[1]: Started Daily verification of password and group files.
Oct 24 18:18:12 vethlinux systemd[1]: Started Daily Cleanup of Temporary Directories.
Oct 24 18:18:12 vethlinux systemd[1]: Reached target Timer Units.
Oct 24 18:18:12 vethlinux systemd[1]: Listening on D-Bus System Message Bus Socket.
Oct 24 18:18:12 vethlinux systemd[1]: Reached target Socket Units.
Oct 24 18:18:12 vethlinux systemd[1]: Reached target Basic System.
Oct 24 18:18:12 vethlinux systemd[1]: Starting D-Bus System Message Bus...
Oct 24 18:18:12 vethlinux systemd[1]: Starting User Login Management...
Oct 24 18:18:12 vethlinux systemd[1]: Starting Permit User Sessions...
Oct 24 18:18:12 vethlinux dbus-daemon[33]: dbus[33]: Unknown group "netdev" in message bus configuration file
Oct 24 18:18:12 vethlinux systemd[1]: Finished Permit User Sessions.
Oct 24 18:18:12 vethlinux dbus-daemon[33]: dbus[33]: Unknown group "netdev" in message bus configuration file
Oct 24 18:18:12 vethlinux systemd[1]: Started Console Getty.
Oct 24 18:18:12 vethlinux systemd[1]: Reached target Login Prompts.
Oct 24 18:18:12 vethlinux systemd[1]: Starting Light Display Manager...
Oct 24 18:18:12 vethlinux systemd[1]: Started D-Bus System Message Bus.
Oct 24 18:18:12 vethlinux dbus-daemon[33]: [system] Activating via systemd: service name='org.freedesktop.login1' unit='dbus-org.freedesktop.login1.service' requested by ':1.1' (uid=0 pid=37 comm="/usr/bin/lightdm")
Oct 24 18:18:12 vethlinux systemd[1]: Load Kernel Module drm was skipped because of a failed condition check (ConditionCapability=CAP_SYS_MODULE).
Oct 24 18:18:12 vethlinux systemd-logind[34]: New seat seat0.
Oct 24 18:18:12 vethlinux dbus-daemon[33]: [system] Successfully activated service 'org.freedesktop.login1'
Oct 24 18:18:12 vethlinux systemd[1]: Started User Login Management.
Oct 24 18:18:12 vethlinux systemd[1]: Reached target Multi-User System.
Oct 24 18:18:12 vethlinux systemd[1]: Started Light Display Manager.
Oct 24 18:18:12 vethlinux systemd[1]: Reached target Graphical Interface.
Oct 24 18:18:12 vethlinux lightdm[37]: Error getting user list from org.freedesktop.Accounts: GDBus.Error:org.freedesktop.DBus.Error.ServiceUnknown: The name org.freedesktop.Accounts was not provided by any .service files
Oct 24 18:18:12 vethlinux systemd[1]: Startup finished in 256ms.
Oct 24 18:18:13 vethlinux systemd[1]: Started /usr/bin/timedatectl set-ntp true.
Oct 24 18:18:13 vethlinux dbus-daemon[33]: [system] Activating via systemd: service name='org.freedesktop.timedate1' unit='dbus-org.freedesktop.timedate1.service' requested by ':1.4' (uid=0 pid=45 comm="/usr/bin/timedatectl set-ntp true")
Oct 24 18:18:13 vethlinux systemd[1]: Starting Time & Date Service...
Oct 24 18:18:13 vethlinux dbus-daemon[33]: [system] Successfully activated service 'org.freedesktop.timedate1'
Oct 24 18:18:13 vethlinux systemd[1]: Started Time & Date Service.
Oct 24 18:18:13 vethlinux systemd[1]: Network Time Synchronization was skipped because of a failed condition check (ConditionVirtualization=!container).
Oct 24 18:18:13 vethlinux systemd-timedated[46]: Set NTP to enabled (systemd-timesyncd.service).
Oct 24 18:18:13 vethlinux systemd[1]: run-u3.service: Deactivated successfully.
Oct 24 18:18:13 vethlinux systemd[1]: Started shutdown now.
Oct 24 18:18:13 vethlinux systemd-logind[34]: System is powering down.
Oct 24 18:18:13 vethlinux systemd[1]: run-u6.service: Deactivated successfully.
Oct 24 18:18:13 vethlinux systemd[1]: Stopped shutdown now.
Oct 24 18:18:13 vethlinux systemd[1]: Removed slice Slice /system/getty.
Oct 24 18:18:13 vethlinux systemd[1]: Removed slice Slice /system/modprobe.
Oct 24 18:18:13 vethlinux systemd[1]: Stopped target Graphical Interface.
Oct 24 18:18:13 vethlinux systemd[1]: Stopped target Multi-User System.
Oct 24 18:18:13 vethlinux systemd[1]: Stopped target Login Prompts.
Oct 24 18:18:13 vethlinux systemd[1]: Stopped target Timer Units.
Oct 24 18:18:13 vethlinux systemd[1]: archlinux-keyring-wkd-sync.timer: Deactivated successfully.
Oct 24 18:18:13 vethlinux systemd[1]: Stopped Refresh existing PGP keys of archlinux-keyring regularly.
Oct 24 18:18:13 vethlinux systemd[1]: shadow.timer: Deactivated successfully.
Oct 24 18:18:13 vethlinux systemd[1]: Stopped Daily verification of password and group files.
Oct 24 18:18:13 vethlinux systemd[1]: systemd-tmpfiles-clean.timer: Deactivated successfully.
Oct 24 18:18:13 vethlinux systemd[1]: Stopped Daily Cleanup of Temporary Directories.
Oct 24 18:18:13 vethlinux systemd[1]: Stopped target System Time Set.
Oct 24 18:18:13 vethlinux systemd[1]: lvm2-lvmpolld.socket: Deactivated successfully.
Oct 24 18:18:13 vethlinux systemd[1]: Closed LVM2 poll daemon socket.
Oct 24 18:18:13 vethlinux systemd[1]: systemd-coredump.socket: Deactivated successfully.
Oct 24 18:18:13 vethlinux systemd[1]: Closed Process Core Dump Socket.
Oct 24 18:18:13 vethlinux systemd[1]: Stopping Console Getty...
Oct 24 18:18:13 vethlinux systemd[1]: Stopping D-Bus System Message Bus...
Oct 24 18:18:13 vethlinux systemd[1]: Stopping Light Display Manager...
Oct 24 18:18:13 vethlinux lightdm[37]: Failed to get D-Bus connection
Oct 24 18:18:13 vethlinux systemd[1]: Starting Generate shutdown-ramfs...
Oct 24 18:18:13 vethlinux systemd[1]: Stopping User Login Management...
Oct 24 18:18:13 vethlinux systemd[1]: Stopping Time & Date Service...
Oct 24 18:18:13 vethlinux systemd[1]: console-getty.service: Deactivated successfully.
Oct 24 18:18:13 vethlinux systemd[1]: Stopped Console Getty.
Oct 24 18:18:13 vethlinux systemd[1]: systemd-timedated.service: Deactivated successfully.
Oct 24 18:18:13 vethlinux systemd[1]: Stopped Time & Date Service.
Oct 24 18:18:13 vethlinux systemd[1]: dbus.service: Deactivated successfully.
Oct 24 18:18:13 vethlinux systemd[1]: Stopped D-Bus System Message Bus.
Oct 24 18:18:13 vethlinux systemd[1]: lightdm.service: Main process exited, code=exited, status=1/FAILURE
Oct 24 18:18:13 vethlinux systemd[1]: lightdm.service: Failed with result 'exit-code'.
Oct 24 18:18:13 vethlinux systemd[1]: Stopped Light Display Manager.
Oct 24 18:18:13 vethlinux systemd[1]: systemd-logind.service: Deactivated successfully.
Oct 24 18:18:13 vethlinux systemd[1]: Stopped User Login Management.
Oct 24 18:18:13 vethlinux systemd[1]: Stopping Permit User Sessions...
Oct 24 18:18:13 vethlinux mkinitcpio[50]: ==> Starting build: none
Oct 24 18:18:13 vethlinux systemd[1]: systemd-user-sessions.service: Deactivated successfully.
Oct 24 18:18:13 vethlinux systemd[1]: Stopped Permit User Sessions.
Oct 24 18:18:13 vethlinux systemd[1]: Stopped target Basic System.
Oct 24 18:18:13 vethlinux mkinitcpio[50]:   -> Running build hook: [sd-shutdown]
Oct 24 18:18:13 vethlinux systemd[1]: Stopped target Path Units.
Oct 24 18:18:13 vethlinux systemd[1]: Stopped target Remote File Systems.
Oct 24 18:18:13 vethlinux systemd[1]: Stopped target Slice Units.
Oct 24 18:18:13 vethlinux systemd[1]: Removed slice User and Session Slice.
Oct 24 18:18:13 vethlinux systemd[1]: Stopped target Socket Units.
Oct 24 18:18:13 vethlinux systemd[1]: dbus.socket: Deactivated successfully.
Oct 24 18:18:13 vethlinux systemd[1]: Closed D-Bus System Message Bus Socket.
Oct 24 18:18:13 vethlinux systemd[1]: Stopped target System Initialization.
Oct 24 18:18:13 vethlinux systemd[1]: Stopped target Local Encrypted Volumes.
Oct 24 18:18:13 vethlinux systemd[1]: systemd-ask-password-console.path: Deactivated successfully.
Oct 24 18:18:13 vethlinux systemd[1]: Stopped Dispatch Password Requests to Console Directory Watch.
Oct 24 18:18:13 vethlinux systemd[1]: systemd-ask-password-wall.path: Deactivated successfully.
Oct 24 18:18:13 vethlinux systemd[1]: Stopped Forward Password Requests to Wall Directory Watch.
Oct 24 18:18:13 vethlinux systemd[1]: Stopped target Local Integrity Protected Volumes.
Oct 24 18:18:13 vethlinux systemd[1]: Stopped target Local Verity Protected Volumes.
Oct 24 18:18:13 vethlinux systemd[1]: systemd-update-done.service: Deactivated successfully.
Oct 24 18:18:13 vethlinux systemd[1]: Stopped Update is Completed.
Oct 24 18:18:13 vethlinux systemd[1]: ldconfig.service: Deactivated successfully.
Oct 24 18:18:13 vethlinux systemd[1]: Stopped Rebuild Dynamic Linker Cache.
Oct 24 18:18:13 vethlinux systemd[1]: systemd-journal-catalog-update.service: Deactivated successfully.
Oct 24 18:18:13 vethlinux systemd[1]: Stopped Rebuild Journal Catalog.
Oct 24 18:18:13 vethlinux systemd[1]: Stopping Record System Boot/Shutdown in UTMP...
Oct 24 18:18:13 vethlinux systemd[1]: systemd-update-utmp.service: Deactivated successfully.
Oct 24 18:18:13 vethlinux systemd[1]: Stopped Record System Boot/Shutdown in UTMP.
Oct 24 18:18:13 vethlinux systemd[1]: systemd-tmpfiles-setup.service: Deactivated successfully.
Oct 24 18:18:13 vethlinux systemd[1]: Stopped Create Volatile Files and Directories.
Oct 24 18:18:13 vethlinux systemd[1]: Stopped target Local File Systems.
Oct 24 18:18:13 vethlinux systemd[1]: Unmounting /boot...
Oct 24 18:18:13 vethlinux systemd[1]: Unmounting /home...
Oct 24 18:18:13 vethlinux systemd[1]: Unmounting /run/credentials/systemd-sysusers.service...
Oct 24 18:18:13 vethlinux systemd[1]: Unmounting Temporary Directory /tmp...
Oct 24 18:18:13 vethlinux systemd[1]: boot.mount: Deactivated successfully.
Oct 24 18:18:13 vethlinux systemd[1]: Unmounted /boot.
Oct 24 18:18:13 vethlinux systemd[1]: home.mount: Deactivated successfully.
Oct 24 18:18:13 vethlinux systemd[1]: Unmounted /home.
Oct 24 18:18:13 vethlinux systemd[1]: run-credentials-systemd\x2dsysusers.service.mount: Deactivated successfully.
Oct 24 18:18:13 vethlinux systemd[1]: Unmounted /run/credentials/systemd-sysusers.service.
Oct 24 18:18:13 vethlinux systemd[1]: tmp.mount: Deactivated successfully.
Oct 24 18:18:13 vethlinux systemd[1]: Unmounted Temporary Directory /tmp.
Oct 24 18:18:13 vethlinux systemd[1]: Stopped target Preparation for Local File Systems.
Oct 24 18:18:13 vethlinux systemd[1]: Stopped target Swaps.
Oct 24 18:18:13 vethlinux systemd[1]: Reached target Unmount All Filesystems.
Oct 24 18:18:13 vethlinux systemd[1]: Stopping Monitoring of LVM2 mirrors, snapshots etc. using dmeventd or progress polling...
Oct 24 18:18:13 vethlinux systemd[1]: systemd-tmpfiles-setup-dev.service: Deactivated successfully.
Oct 24 18:18:13 vethlinux systemd[1]: Stopped Create Static Device Nodes in /dev.
Oct 24 18:18:13 vethlinux systemd[1]: systemd-sysusers.service: Deactivated successfully.
Oct 24 18:18:13 vethlinux systemd[1]: Stopped Create System Users.
Oct 24 18:18:13 vethlinux systemd[1]: systemd-remount-fs.service: Deactivated successfully.
Oct 24 18:18:13 vethlinux systemd[1]: Stopped Remount Root and Kernel File Systems.
Oct 24 18:18:13 vethlinux mkinitcpio[50]: ==> Build complete.
Oct 24 18:18:13 vethlinux systemd[1]: mkinitcpio-generate-shutdown-ramfs.service: Deactivated successfully.
Oct 24 18:18:13 vethlinux systemd[1]: Finished Generate shutdown-ramfs.
Oct 24 18:18:13 vethlinux systemd[1]: lvm2-monitor.service: Deactivated successfully.
Oct 24 18:18:13 vethlinux systemd[1]: Stopped Monitoring of LVM2 mirrors, snapshots etc. using dmeventd or progress polling.
Oct 24 18:18:13 vethlinux systemd[1]: Reached target System Shutdown.
Oct 24 18:18:13 vethlinux systemd[1]: Reached target Late Shutdown Services.
Oct 24 18:18:13 vethlinux systemd[1]: systemd-poweroff.service: Deactivated successfully.
Oct 24 18:18:13 vethlinux systemd[1]: Finished System Power Off.
Oct 24 18:18:13 vethlinux systemd[1]: Reached target System Power Off.
Oct 24 18:18:13 vethlinux systemd[1]: Shutting down.
Oct 24 18:18:13 vethlinux systemd-journald[21]: Journal stopped
-- Boot 01b4183a2cab45159788bf88f8d9335c --
Oct 24 18:18:14 vethlinux systemd-journald[21]: Journal started
Oct 24 18:18:14 vethlinux systemd-journald[21]: Runtime Journal (/run/log/journal/31385e2b3bd747d1a8535a26baea86fb) is 8.0M, max 319.8M, 311.8M free.
Oct 24 18:18:14 vethlinux systemd[1]: Starting Flush Journal to Persistent Storage...
Oct 24 18:18:14 vethlinux systemd-journald[21]: Time spent on flushing to /var/log/journal/31385e2b3bd747d1a8535a26baea86fb is 1.473ms for 3 entries.
Oct 24 18:18:14 vethlinux systemd-journald[21]: System Journal (/var/log/journal/31385e2b3bd747d1a8535a26baea86fb) is 8.0M, max 1.9G, 1.9G free.
Oct 24 18:18:14 vethlinux systemd[1]: Finished Create Static Device Nodes in /dev.
Oct 24 18:18:14 vethlinux systemd[1]: Rule-based Manager for Device Events and Files was skipped because of a failed condition check (ConditionPathIsReadWrite=/sys).
Oct 24 18:18:14 vethlinux systemd[1]: Finished Flush Journal to Persistent Storage.
Oct 24 18:18:14 vethlinux systemd[1]: Finished Monitoring of LVM2 mirrors, snapshots etc. using dmeventd or progress polling.
Oct 24 18:18:14 vethlinux systemd[1]: Reached target Preparation for Local File Systems.
Oct 24 18:18:14 vethlinux systemd[1]: Virtual Machine and Container Storage (Compatibility) was skipped because of a failed condition check (ConditionPathExists=/var/lib/machines.raw).
Oct 24 18:18:14 vethlinux systemd[1]: Reached target Local File Systems.
Oct 24 18:18:14 vethlinux systemd[1]: Rebuild Dynamic Linker Cache was skipped because all trigger condition checks failed.
Oct 24 18:18:14 vethlinux systemd[1]: Set Up Additional Binary Formats was skipped because of a failed condition check (ConditionPathIsReadWrite=/proc/sys).
Oct 24 18:18:14 vethlinux systemd[1]: Store a System Token in an EFI Variable was skipped because of a failed condition check (ConditionPathExists=/sys/firmware/efi/efivars/LoaderFeatures-4a67b082-0a4c-41cf-b6c7-440b29bb8c4f).
Oct 24 18:18:14 vethlinux systemd[1]: Commit a transient machine-id on disk was skipped because of a failed condition check (ConditionPathIsMountPoint=/etc/machine-id).
Oct 24 18:18:14 vethlinux systemd[1]: Starting Create Volatile Files and Directories...
Oct 24 18:18:14 vethlinux systemd[1]: Finished Create Volatile Files and Directories.
Oct 24 18:18:14 vethlinux systemd[1]: Rebuild Journal Catalog was skipped because of a failed condition check (ConditionNeedsUpdate=/var).
Oct 24 18:18:14 vethlinux systemd[1]: Network Time Synchronization was skipped because of a failed condition check (ConditionVirtualization=!container).
Oct 24 18:18:14 vethlinux systemd[1]: Reached target System Time Set.
Oct 24 18:18:14 vethlinux systemd[1]: Update is Completed was skipped because all trigger condition checks failed.
Oct 24 18:18:14 vethlinux systemd[1]: Starting Record System Boot/Shutdown in UTMP...
Oct 24 18:18:14 vethlinux systemd[1]: Finished Record System Boot/Shutdown in UTMP.
Oct 24 18:18:14 vethlinux systemd[1]: Reached target System Initialization.
Oct 24 18:18:14 vethlinux systemd[1]: Started Refresh existing PGP keys of archlinux-keyring regularly.
Oct 24 18:18:14 vethlinux systemd[1]: Discard unused blocks once a week was skipped because of a failed condition check (ConditionVirtualization=!container).
Oct 24 18:18:14 vethlinux systemd[1]: Started Daily verification of password and group files.
Oct 24 18:18:14 vethlinux systemd[1]: Started Daily Cleanup of Temporary Directories.
Oct 24 18:18:14 vethlinux systemd[1]: Reached target Timer Units.
Oct 24 18:18:14 vethlinux systemd[1]: Listening on D-Bus System Message Bus Socket.
Oct 24 18:18:14 vethlinux systemd[1]: Reached target Socket Units.
Oct 24 18:18:14 vethlinux systemd[1]: Reached target Basic System.
Oct 24 18:18:14 vethlinux systemd[1]: Starting D-Bus System Message Bus...
Oct 24 18:18:14 vethlinux systemd[1]: Starting User Login Management...
Oct 24 18:18:14 vethlinux systemd[1]: Starting Permit User Sessions...
Oct 24 18:18:14 vethlinux dbus-daemon[28]: dbus[28]: Unknown group "netdev" in message bus configuration file
Oct 24 18:18:14 vethlinux systemd[1]: Finished Permit User Sessions.
Oct 24 18:18:14 vethlinux dbus-daemon[28]: dbus[28]: Unknown group "netdev" in message bus configuration file
Oct 24 18:18:14 vethlinux systemd[1]: Started Console Getty.
Oct 24 18:18:14 vethlinux systemd[1]: Reached target Login Prompts.
Oct 24 18:18:14 vethlinux systemd[1]: Starting Light Display Manager...
Oct 24 18:18:14 vethlinux systemd[1]: Started D-Bus System Message Bus.
Oct 24 18:18:14 vethlinux dbus-daemon[28]: [system] Activating via systemd: service name='org.freedesktop.login1' unit='dbus-org.freedesktop.login1.service' requested by ':1.1' (uid=0 pid=32 comm="/usr/bin/lightdm")
Oct 24 18:18:14 vethlinux systemd[1]: Load Kernel Module drm was skipped because of a failed condition check (ConditionCapability=CAP_SYS_MODULE).
Oct 24 18:18:14 vethlinux systemd-logind[29]: New seat seat0.
Oct 24 18:18:14 vethlinux dbus-daemon[28]: [system] Successfully activated service 'org.freedesktop.login1'
Oct 24 18:18:14 vethlinux systemd[1]: Started User Login Management.
Oct 24 18:18:14 vethlinux systemd[1]: Reached target Multi-User System.
Oct 24 18:18:14 vethlinux systemd[1]: Started Light Display Manager.
Oct 24 18:18:14 vethlinux systemd[1]: Reached target Graphical Interface.
Oct 24 18:18:14 vethlinux lightdm[32]: Error getting user list from org.freedesktop.Accounts: GDBus.Error:org.freedesktop.DBus.Error.ServiceUnknown: The name org.freedesktop.Accounts was not provided by any .service files
Oct 24 18:18:14 vethlinux systemd[1]: Startup finished in 211ms.
Oct 24 18:18:15 vethlinux systemd[1]: Started localectl set-keymap .
Oct 24 18:18:15 vethlinux dbus-daemon[28]: [system] Activating via systemd: service name='org.freedesktop.locale1' unit='dbus-org.freedesktop.locale1.service' requested by ':1.4' (uid=0 pid=40 comm="localectl set-keymap ")
Oct 24 18:18:15 vethlinux systemd[1]: Starting Locale Service...
Oct 24 18:18:15 vethlinux systemd[41]: Failed to configure loopback device: Operation not permitted
Oct 24 18:18:15 vethlinux dbus-daemon[28]: [system] Successfully activated service 'org.freedesktop.locale1'
Oct 24 18:18:15 vethlinux systemd[1]: Started Locale Service.
Oct 24 18:18:15 vethlinux systemd[1]: run-u3.service: Deactivated successfully.
Oct 24 18:18:15 vethlinux systemd[1]: Started /usr/bin/localectl set-keymap us.
Oct 24 18:18:15 vethlinux systemd-localed[41]: Changed virtual console keymap to 'us' toggle ''
Oct 24 18:18:15 vethlinux systemd[1]: Setup Virtual Console was skipped because of a failed condition check (ConditionPathExists=/dev/tty0).
Oct 24 18:18:15 vethlinux systemd-localed[41]: Changing X11 keyboard layout to 'us' model 'pc105+inet' variant '' options 'terminate:ctrl_alt_bksp'
Oct 24 18:18:15 vethlinux systemd[1]: run-u6.service: Deactivated successfully.
Oct 24 18:18:15 vethlinux systemd[1]: Started shutdown now.
Oct 24 18:18:15 vethlinux systemd-logind[29]: System is powering down.
Oct 24 18:18:15 vethlinux systemd[1]: run-u8.service: Deactivated successfully.
Oct 24 18:18:15 vethlinux systemd[1]: Stopped shutdown now.
Oct 24 18:18:15 vethlinux systemd[1]: Removed slice Slice /system/getty.
Oct 24 18:18:15 vethlinux systemd[1]: Removed slice Slice /system/modprobe.
Oct 24 18:18:15 vethlinux systemd[1]: Stopped target Graphical Interface.
Oct 24 18:18:15 vethlinux systemd[1]: Stopped target Multi-User System.
Oct 24 18:18:15 vethlinux systemd[1]: Stopped target Login Prompts.
Oct 24 18:18:15 vethlinux systemd[1]: Stopped target Timer Units.
Oct 24 18:18:15 vethlinux systemd[1]: archlinux-keyring-wkd-sync.timer: Deactivated successfully.
Oct 24 18:18:15 vethlinux systemd[1]: Stopped Refresh existing PGP keys of archlinux-keyring regularly.
Oct 24 18:18:15 vethlinux systemd[1]: shadow.timer: Deactivated successfully.
Oct 24 18:18:15 vethlinux systemd[1]: Stopped Daily verification of password and group files.
Oct 24 18:18:15 vethlinux systemd[1]: systemd-tmpfiles-clean.timer: Deactivated successfully.
Oct 24 18:18:15 vethlinux systemd[1]: Stopped Daily Cleanup of Temporary Directories.
Oct 24 18:18:15 vethlinux systemd[1]: Stopped target System Time Set.
Oct 24 18:18:15 vethlinux systemd[1]: lvm2-lvmpolld.socket: Deactivated successfully.
Oct 24 18:18:15 vethlinux systemd[1]: Closed LVM2 poll daemon socket.
Oct 24 18:18:15 vethlinux systemd[1]: systemd-coredump.socket: Deactivated successfully.
Oct 24 18:18:15 vethlinux systemd[1]: Closed Process Core Dump Socket.
Oct 24 18:18:15 vethlinux systemd[1]: Stopping Console Getty...
Oct 24 18:18:15 vethlinux systemd[1]: Stopping D-Bus System Message Bus...
Oct 24 18:18:15 vethlinux systemd[1]: Stopping Light Display Manager...
Oct 24 18:18:15 vethlinux lightdm[32]: Failed to get D-Bus connection
Oct 24 18:18:15 vethlinux systemd[1]: Starting Generate shutdown-ramfs...
Oct 24 18:18:15 vethlinux systemd[1]: Stopping Locale Service...
Oct 24 18:18:15 vethlinux systemd[1]: Stopping User Login Management...
Oct 24 18:18:15 vethlinux systemd[1]: dbus.service: Deactivated successfully.
Oct 24 18:18:15 vethlinux systemd[1]: Stopped D-Bus System Message Bus.
Oct 24 18:18:15 vethlinux systemd[1]: systemd-logind.service: Deactivated successfully.
Oct 24 18:18:15 vethlinux systemd[1]: Stopped User Login Management.
Oct 24 18:18:15 vethlinux systemd[1]: console-getty.service: Deactivated successfully.
Oct 24 18:18:15 vethlinux systemd[1]: Stopped Console Getty.
Oct 24 18:18:15 vethlinux systemd[1]: lightdm.service: Main process exited, code=exited, status=1/FAILURE
Oct 24 18:18:15 vethlinux systemd[1]: lightdm.service: Failed with result 'exit-code'.
Oct 24 18:18:15 vethlinux systemd[1]: Stopped Light Display Manager.
Oct 24 18:18:15 vethlinux systemd[1]: systemd-localed.service: Deactivated successfully.
Oct 24 18:18:15 vethlinux systemd[1]: Stopped Locale Service.
Oct 24 18:18:15 vethlinux systemd[1]: Stopping Permit User Sessions...
Oct 24 18:18:15 vethlinux systemd[1]: systemd-user-sessions.service: Deactivated successfully.
Oct 24 18:18:15 vethlinux systemd[1]: Stopped Permit User Sessions.
Oct 24 18:18:15 vethlinux systemd[1]: Stopped target Basic System.
Oct 24 18:18:15 vethlinux systemd[1]: Stopped target Path Units.
Oct 24 18:18:15 vethlinux systemd[1]: Stopped target Remote File Systems.
Oct 24 18:18:15 vethlinux systemd[1]: Stopped target Slice Units.
Oct 24 18:18:15 vethlinux systemd[1]: Removed slice User and Session Slice.
Oct 24 18:18:15 vethlinux systemd[1]: Stopped target Socket Units.
Oct 24 18:18:15 vethlinux systemd[1]: dbus.socket: Deactivated successfully.
Oct 24 18:18:15 vethlinux systemd[1]: Closed D-Bus System Message Bus Socket.
Oct 24 18:18:15 vethlinux systemd[1]: Stopped target System Initialization.
Oct 24 18:18:15 vethlinux systemd[1]: Stopped target Local Encrypted Volumes.
Oct 24 18:18:15 vethlinux systemd[1]: systemd-ask-password-console.path: Deactivated successfully.
Oct 24 18:18:15 vethlinux systemd[1]: Stopped Dispatch Password Requests to Console Directory Watch.
Oct 24 18:18:15 vethlinux systemd[1]: systemd-ask-password-wall.path: Deactivated successfully.
Oct 24 18:18:15 vethlinux mkinitcpio[48]: ==> Starting build: none
Oct 24 18:18:15 vethlinux mkinitcpio[48]:   -> Running build hook: [sd-shutdown]
Oct 24 18:18:15 vethlinux systemd[1]: Stopped Forward Password Requests to Wall Directory Watch.
Oct 24 18:18:15 vethlinux systemd[1]: Stopped target Local Integrity Protected Volumes.
Oct 24 18:18:15 vethlinux systemd[1]: Stopped target Local Verity Protected Volumes.
Oct 24 18:18:15 vethlinux systemd[1]: Stopping Record System Boot/Shutdown in UTMP...
Oct 24 18:18:15 vethlinux systemd[1]: systemd-update-utmp.service: Deactivated successfully.
Oct 24 18:18:15 vethlinux systemd[1]: Stopped Record System Boot/Shutdown in UTMP.
Oct 24 18:18:15 vethlinux systemd[1]: systemd-tmpfiles-setup.service: Deactivated successfully.
Oct 24 18:18:15 vethlinux systemd[1]: Stopped Create Volatile Files and Directories.
Oct 24 18:18:15 vethlinux systemd[1]: Stopped target Local File Systems.
Oct 24 18:18:15 vethlinux systemd[1]: Unmounting /boot...
Oct 24 18:18:15 vethlinux systemd[1]: Unmounting /home...
Oct 24 18:18:15 vethlinux systemd[1]: Unmounting Temporary Directory /tmp...
Oct 24 18:18:15 vethlinux systemd[1]: boot.mount: Deactivated successfully.
Oct 24 18:18:15 vethlinux systemd[1]: Unmounted /boot.
Oct 24 18:18:15 vethlinux systemd[1]: home.mount: Deactivated successfully.
Oct 24 18:18:15 vethlinux systemd[1]: Unmounted /home.
Oct 24 18:18:15 vethlinux systemd[1]: tmp.mount: Deactivated successfully.
Oct 24 18:18:15 vethlinux systemd[1]: Unmounted Temporary Directory /tmp.
Oct 24 18:18:15 vethlinux systemd[1]: Stopped target Preparation for Local File Systems.
Oct 24 18:18:15 vethlinux systemd[1]: Stopped target Swaps.
Oct 24 18:18:15 vethlinux systemd[1]: Reached target Unmount All Filesystems.
Oct 24 18:18:15 vethlinux systemd[1]: Stopping Monitoring of LVM2 mirrors, snapshots etc. using dmeventd or progress polling...
Oct 24 18:18:15 vethlinux systemd[1]: systemd-remount-fs.service: Deactivated successfully.
Oct 24 18:18:15 vethlinux systemd[1]: Stopped Remount Root and Kernel File Systems.
Oct 24 18:18:15 vethlinux systemd[1]: systemd-tmpfiles-setup-dev.service: Deactivated successfully.
Oct 24 18:18:15 vethlinux systemd[1]: Stopped Create Static Device Nodes in /dev.
Oct 24 18:18:15 vethlinux mkinitcpio[48]: ==> Build complete.
Oct 24 18:18:15 vethlinux systemd[1]: mkinitcpio-generate-shutdown-ramfs.service: Deactivated successfully.
Oct 24 18:18:15 vethlinux systemd[1]: Finished Generate shutdown-ramfs.
Oct 24 18:18:15 vethlinux systemd[1]: lvm2-monitor.service: Deactivated successfully.
Oct 24 18:18:15 vethlinux systemd[1]: Stopped Monitoring of LVM2 mirrors, snapshots etc. using dmeventd or progress polling.
Oct 24 18:18:15 vethlinux systemd[1]: Reached target System Shutdown.
Oct 24 18:18:15 vethlinux systemd[1]: Reached target Late Shutdown Services.
Oct 24 18:18:15 vethlinux systemd[1]: systemd-poweroff.service: Deactivated successfully.
Oct 24 18:18:15 vethlinux systemd[1]: Finished System Power Off.
Oct 24 18:18:15 vethlinux systemd[1]: Reached target System Power Off.
Oct 24 18:18:15 vethlinux systemd[1]: Shutting down.
Oct 24 18:18:15 vethlinux systemd-journald[21]: Journal stopped
-- Boot b19223019d714491b6fe7548edd02223 --
Oct 24 18:32:39 myarch kernel: microcode: microcode updated early to revision 0x1f, date = 2018-05-08
Oct 24 18:32:39 myarch kernel: Linux version 6.0.2-arch1-1 (linux@archlinux) (gcc (GCC) 12.2.0, GNU ld (GNU Binutils) 2.39.0) #1 SMP PREEMPT_DYNAMIC Sat, 15 Oct 2022 14:00:49 +0000
Oct 24 18:32:39 myarch kernel: Command line: BOOT_IMAGE=/vmlinuz-linux root=UUID=5bc388e7-a5ff-41f0-beb4-7b3e3d8cbf64 rw rootfstype=ext4 loglevel=3 quiet
Oct 24 18:32:39 myarch kernel: x86/fpu: x87 FPU will use FXSAVE
Oct 24 18:32:39 myarch kernel: signal: max sigframe size: 1440
Oct 24 18:32:39 myarch kernel: BIOS-provided physical RAM map:
Oct 24 18:32:39 myarch kernel: BIOS-e820: [mem 0x0000000000000000-0x000000000009ebff] usable
Oct 24 18:32:39 myarch kernel: BIOS-e820: [mem 0x00000000000f0000-0x00000000000fffff] reserved
Oct 24 18:32:39 myarch kernel: BIOS-e820: [mem 0x0000000000100000-0x00000000dfdf9bff] usable
Oct 24 18:32:39 myarch kernel: BIOS-e820: [mem 0x00000000dfdf9c00-0x00000000dfe4bbff] ACPI NVS
Oct 24 18:32:39 myarch kernel: BIOS-e820: [mem 0x00000000dfe4bc00-0x00000000dfe4dbff] ACPI data
Oct 24 18:32:39 myarch kernel: BIOS-e820: [mem 0x00000000dfe4dc00-0x00000000dfffffff] reserved
Oct 24 18:32:39 myarch kernel: BIOS-e820: [mem 0x00000000f8000000-0x00000000fcffffff] reserved
Oct 24 18:32:39 myarch kernel: BIOS-e820: [mem 0x00000000fe000000-0x00000000fed003ff] reserved
Oct 24 18:32:39 myarch kernel: BIOS-e820: [mem 0x00000000fee00000-0x00000000feefffff] reserved
Oct 24 18:32:39 myarch kernel: BIOS-e820: [mem 0x00000000ffb00000-0x00000000ffffffff] reserved
Oct 24 18:32:39 myarch kernel: BIOS-e820: [mem 0x0000000100000000-0x000000041fffffff] usable
Oct 24 18:32:39 myarch kernel: NX (Execute Disable) protection: active
Oct 24 18:32:39 myarch kernel: SMBIOS 2.5 present.
Oct 24 18:32:39 myarch kernel: DMI: Dell Inc. Precision WorkStation T3500  /09KPNV, BIOS A17 05/28/2013
Oct 24 18:32:39 myarch kernel: tsc: Fast TSC calibration using PIT
Oct 24 18:32:39 myarch kernel: tsc: Detected 3066.841 MHz processor
Oct 24 18:32:39 myarch kernel: e820: update [mem 0x00000000-0x00000fff] usable ==> reserved
Oct 24 18:32:39 myarch kernel: e820: remove [mem 0x000a0000-0x000fffff] usable
Oct 24 18:32:39 myarch kernel: last_pfn = 0x420000 max_arch_pfn = 0x400000000
Oct 24 18:32:39 myarch kernel: x86/PAT: Configuration [0-7]: WB  WC  UC- UC  WB  WP  UC- WT  
Oct 24 18:32:39 myarch kernel: last_pfn = 0xdfdf9 max_arch_pfn = 0x400000000
Oct 24 18:32:39 myarch kernel: Using GB pages for direct mapping
Oct 24 18:32:39 myarch kernel: RAMDISK: [mem 0x36513000-0x37280fff]
Oct 24 18:32:39 myarch kernel: ACPI: Early table checksum verification disabled
Oct 24 18:32:39 myarch kernel: ACPI: RSDP 0x00000000000FEC30 000024 (v02 DELL  )
Oct 24 18:32:39 myarch kernel: ACPI: XSDT 0x00000000000FCCC7 000074 (v01 DELL   B10K     00000015 ASL  00000061)
Oct 24 18:32:39 myarch kernel: ACPI: FACP 0x00000000000FCDB7 0000F4 (v03 DELL   B10K     00000015 ASL  00000061)
Oct 24 18:32:39 myarch kernel: ACPI BIOS Warning (bug): 32/64X length mismatch in FADT/Gpe0Block: 128/64 (20220331/tbfadt-564)
Oct 24 18:32:39 myarch kernel: ACPI: DSDT 0x00000000FFE9E952 004A74 (v01 DELL   dt_ex    00001000 INTL 20050624)
Oct 24 18:32:39 myarch kernel: ACPI: FACS 0x00000000DFDF9C00 000040
Oct 24 18:32:39 myarch kernel: ACPI: FACS 0x00000000DFDF9C00 000040
Oct 24 18:32:39 myarch kernel: ACPI: SSDT 0x00000000FFEA34D7 00009C (v01 DELL   st_ex    00001000 INTL 20050624)
Oct 24 18:32:39 myarch kernel: ACPI: APIC 0x00000000000FCEAB 00015E (v01 DELL   B10K     00000015 ASL  00000061)
Oct 24 18:32:39 myarch kernel: ACPI: BOOT 0x00000000000FD009 000028 (v01 DELL   B10K     00000015 ASL  00000061)
Oct 24 18:32:39 myarch kernel: ACPI: ASF! 0x00000000000FD031 000096 (v32 DELL   B10K     00000015 ASL  00000061)
Oct 24 18:32:39 myarch kernel: ACPI: MCFG 0x00000000000FD0C7 00003C (v01 DELL   B10K     00000015 ASL  00000061)
Oct 24 18:32:39 myarch kernel: ACPI: HPET 0x00000000000FD103 000038 (v01 DELL   B10K     00000015 ASL  00000061)
Oct 24 18:32:39 myarch kernel: ACPI: TCPA 0x00000000000FD35F 000032 (v01 DELL   B10K     00000015 ASL  00000061)
Oct 24 18:32:39 myarch kernel: ACPI: DMAR 0x00000000000FD391 0000C8 (v01 DELL   B10K     00000015 ASL  00000061)
Oct 24 18:32:39 myarch kernel: ACPI: SLIC 0x00000000000FD13B 000176 (v01 DELL   B10K     00000015 ASL  00000061)
Oct 24 18:32:39 myarch kernel: ACPI: Reserving FACP table memory at [mem 0xfcdb7-0xfceaa]
Oct 24 18:32:39 myarch kernel: ACPI: Reserving DSDT table memory at [mem 0xffe9e952-0xffea33c5]
Oct 24 18:32:39 myarch kernel: ACPI: Reserving FACS table memory at [mem 0xdfdf9c00-0xdfdf9c3f]
Oct 24 18:32:39 myarch kernel: ACPI: Reserving FACS table memory at [mem 0xdfdf9c00-0xdfdf9c3f]
Oct 24 18:32:39 myarch kernel: ACPI: Reserving SSDT table memory at [mem 0xffea34d7-0xffea3572]
Oct 24 18:32:39 myarch kernel: ACPI: Reserving APIC table memory at [mem 0xfceab-0xfd008]
Oct 24 18:32:39 myarch kernel: ACPI: Reserving BOOT table memory at [mem 0xfd009-0xfd030]
Oct 24 18:32:39 myarch kernel: ACPI: Reserving ASF! table memory at [mem 0xfd031-0xfd0c6]
Oct 24 18:32:39 myarch kernel: ACPI: Reserving MCFG table memory at [mem 0xfd0c7-0xfd102]
Oct 24 18:32:39 myarch kernel: ACPI: Reserving HPET table memory at [mem 0xfd103-0xfd13a]
Oct 24 18:32:39 myarch kernel: ACPI: Reserving TCPA table memory at [mem 0xfd35f-0xfd390]
Oct 24 18:32:39 myarch kernel: ACPI: Reserving DMAR table memory at [mem 0xfd391-0xfd458]
Oct 24 18:32:39 myarch kernel: ACPI: Reserving SLIC table memory at [mem 0xfd13b-0xfd2b0]
Oct 24 18:32:39 myarch kernel: No NUMA configuration found
Oct 24 18:32:39 myarch kernel: Faking a node at [mem 0x0000000000000000-0x000000041fffffff]
Oct 24 18:32:39 myarch kernel: NODE_DATA(0) allocated [mem 0x41fffa000-0x41fffdfff]
Oct 24 18:32:39 myarch kernel: Zone ranges:
Oct 24 18:32:39 myarch kernel:   DMA      [mem 0x0000000000001000-0x0000000000ffffff]
Oct 24 18:32:39 myarch kernel:   DMA32    [mem 0x0000000001000000-0x00000000ffffffff]
Oct 24 18:32:39 myarch kernel:   Normal   [mem 0x0000000100000000-0x000000041fffffff]
Oct 24 18:32:39 myarch kernel:   Device   empty
Oct 24 18:32:39 myarch kernel: Movable zone start for each node
Oct 24 18:32:39 myarch kernel: Early memory node ranges
Oct 24 18:32:39 myarch kernel:   node   0: [mem 0x0000000000001000-0x000000000009dfff]
Oct 24 18:32:39 myarch kernel:   node   0: [mem 0x0000000000100000-0x00000000dfdf8fff]
Oct 24 18:32:39 myarch kernel:   node   0: [mem 0x0000000100000000-0x000000041fffffff]
Oct 24 18:32:39 myarch kernel: Initmem setup node 0 [mem 0x0000000000001000-0x000000041fffffff]
Oct 24 18:32:39 myarch kernel: On node 0, zone DMA: 1 pages in unavailable ranges
Oct 24 18:32:39 myarch kernel: On node 0, zone DMA: 98 pages in unavailable ranges
Oct 24 18:32:39 myarch kernel: On node 0, zone Normal: 519 pages in unavailable ranges
Oct 24 18:32:39 myarch kernel: ACPI: PM-Timer IO Port: 0x808
Oct 24 18:32:39 myarch kernel: ACPI: LAPIC_NMI (acpi_id[0xff] high level lint[0x1])
Oct 24 18:32:39 myarch kernel: IOAPIC[0]: apic_id 8, version 32, address 0xfec00000, GSI 0-23
Oct 24 18:32:39 myarch kernel: IOAPIC[1]: apic_id 9, version 32, address 0xfec80000, GSI 24-47
Oct 24 18:32:39 myarch kernel: ACPI: INT_SRC_OVR (bus 0 bus_irq 0 global_irq 2 dfl dfl)
Oct 24 18:32:39 myarch kernel: ACPI: INT_SRC_OVR (bus 0 bus_irq 9 global_irq 9 high level)
Oct 24 18:32:39 myarch kernel: ACPI: Using ACPI (MADT) for SMP configuration information
Oct 24 18:32:39 myarch kernel: ACPI: HPET id: 0x8086a301 base: 0xfed00000
Oct 24 18:32:39 myarch kernel: smpboot: Allowing 32 CPUs, 20 hotplug CPUs
Oct 24 18:32:39 myarch kernel: PM: hibernation: Registered nosave memory: [mem 0x00000000-0x00000fff]
Oct 24 18:32:39 myarch kernel: PM: hibernation: Registered nosave memory: [mem 0x0009e000-0x000effff]
Oct 24 18:32:39 myarch kernel: PM: hibernation: Registered nosave memory: [mem 0x000f0000-0x000fffff]
Oct 24 18:32:39 myarch kernel: PM: hibernation: Registered nosave memory: [mem 0xdfdf9000-0xdfdf9fff]
Oct 24 18:32:39 myarch kernel: PM: hibernation: Registered nosave memory: [mem 0xdfdfa000-0xdfe4afff]
Oct 24 18:32:39 myarch kernel: PM: hibernation: Registered nosave memory: [mem 0xdfe4b000-0xdfe4bfff]
Oct 24 18:32:39 myarch kernel: PM: hibernation: Registered nosave memory: [mem 0xdfe4c000-0xdfe4cfff]
Oct 24 18:32:39 myarch kernel: PM: hibernation: Registered nosave memory: [mem 0xdfe4d000-0xdfe4dfff]
Oct 24 18:32:39 myarch kernel: PM: hibernation: Registered nosave memory: [mem 0xdfe4e000-0xdfffffff]
Oct 24 18:32:39 myarch kernel: PM: hibernation: Registered nosave memory: [mem 0xe0000000-0xf7ffffff]
Oct 24 18:32:39 myarch kernel: PM: hibernation: Registered nosave memory: [mem 0xf8000000-0xfcffffff]
Oct 24 18:32:39 myarch kernel: PM: hibernation: Registered nosave memory: [mem 0xfd000000-0xfdffffff]
Oct 24 18:32:39 myarch kernel: PM: hibernation: Registered nosave memory: [mem 0xfe000000-0xfecfffff]
Oct 24 18:32:39 myarch kernel: PM: hibernation: Registered nosave memory: [mem 0xfed00000-0xfedfffff]
Oct 24 18:32:39 myarch kernel: PM: hibernation: Registered nosave memory: [mem 0xfee00000-0xfeefffff]
Oct 24 18:32:39 myarch kernel: PM: hibernation: Registered nosave memory: [mem 0xfef00000-0xffafffff]
Oct 24 18:32:39 myarch kernel: PM: hibernation: Registered nosave memory: [mem 0xffb00000-0xffffffff]
Oct 24 18:32:39 myarch kernel: [mem 0xe0000000-0xf7ffffff] available for PCI devices
Oct 24 18:32:39 myarch kernel: Booting paravirtualized kernel on bare hardware
Oct 24 18:32:39 myarch kernel: clocksource: refined-jiffies: mask: 0xffffffff max_cycles: 0xffffffff, max_idle_ns: 6370452778343963 ns
Oct 24 18:32:39 myarch kernel: setup_percpu: NR_CPUS:320 nr_cpumask_bits:320 nr_cpu_ids:32 nr_node_ids:1
Oct 24 18:32:39 myarch kernel: percpu: Embedded 63 pages/cpu s221184 r8192 d28672 u262144
Oct 24 18:32:39 myarch kernel: pcpu-alloc: s221184 r8192 d28672 u262144 alloc=1*2097152
Oct 24 18:32:39 myarch kernel: pcpu-alloc: [0] 00 01 02 03 04 05 06 07 [0] 08 09 10 11 12 13 14 15 
Oct 24 18:32:39 myarch kernel: pcpu-alloc: [0] 16 17 18 19 20 21 22 23 [0] 24 25 26 27 28 29 30 31 
Oct 24 18:32:39 myarch kernel: Fallback order for Node 0: 0 
Oct 24 18:32:39 myarch kernel: Built 1 zonelists, mobility grouping on.  Total pages: 4128001
Oct 24 18:32:39 myarch kernel: Policy zone: Normal
Oct 24 18:32:39 myarch kernel: Kernel command line: BOOT_IMAGE=/vmlinuz-linux root=UUID=5bc388e7-a5ff-41f0-beb4-7b3e3d8cbf64 rw rootfstype=ext4 loglevel=3 quiet
Oct 24 18:32:39 myarch kernel: Unknown kernel command line parameters "BOOT_IMAGE=/vmlinuz-linux", will be passed to user space.
Oct 24 18:32:39 myarch kernel: printk: log_buf_len individual max cpu contribution: 4096 bytes
Oct 24 18:32:39 myarch kernel: printk: log_buf_len total cpu_extra contributions: 126976 bytes
Oct 24 18:32:39 myarch kernel: printk: log_buf_len min size: 131072 bytes
Oct 24 18:32:39 myarch kernel: printk: log_buf_len: 262144 bytes
Oct 24 18:32:39 myarch kernel: printk: early log buf free: 122624(93%)
Oct 24 18:32:39 myarch kernel: Dentry cache hash table entries: 2097152 (order: 12, 16777216 bytes, linear)
Oct 24 18:32:39 myarch kernel: Inode-cache hash table entries: 1048576 (order: 11, 8388608 bytes, linear)
Oct 24 18:32:39 myarch kernel: mem auto-init: stack:all(zero), heap alloc:on, heap free:off
Oct 24 18:32:39 myarch kernel: software IO TLB: area num 32.
Oct 24 18:32:39 myarch kernel: Memory: 16354696K/16774744K available (14343K kernel code, 2078K rwdata, 11316K rodata, 2120K init, 3548K bss, 419788K reserved, 0K cma-reserved)
Oct 24 18:32:39 myarch kernel: SLUB: HWalign=64, Order=0-3, MinObjects=0, CPUs=32, Nodes=1
Oct 24 18:32:39 myarch kernel: Kernel/User page tables isolation: enabled
Oct 24 18:32:39 myarch kernel: ftrace: allocating 45769 entries in 179 pages
Oct 24 18:32:39 myarch kernel: ftrace: allocated 179 pages with 5 groups
Oct 24 18:32:39 myarch kernel: Dynamic Preempt: full
Oct 24 18:32:39 myarch kernel: rcu: Preemptible hierarchical RCU implementation.
Oct 24 18:32:39 myarch kernel: rcu:         RCU restricting CPUs from NR_CPUS=320 to nr_cpu_ids=32.
Oct 24 18:32:39 myarch kernel: rcu:         RCU priority boosting: priority 1 delay 500 ms.
Oct 24 18:32:39 myarch kernel:         Trampoline variant of Tasks RCU enabled.
Oct 24 18:32:39 myarch kernel:         Rude variant of Tasks RCU enabled.
Oct 24 18:32:39 myarch kernel:         Tracing variant of Tasks RCU enabled.
Oct 24 18:32:39 myarch kernel: rcu: RCU calculated value of scheduler-enlistment delay is 30 jiffies.
Oct 24 18:32:39 myarch kernel: rcu: Adjusting geometry for rcu_fanout_leaf=16, nr_cpu_ids=32
Oct 24 18:32:39 myarch kernel: NR_IRQS: 20736, nr_irqs: 1088, preallocated irqs: 16
Oct 24 18:32:39 myarch kernel: rcu: srcu_init: Setting srcu_struct sizes based on contention.
Oct 24 18:32:39 myarch kernel: kfence: initialized - using 2097152 bytes for 255 objects at 0x(____ptrval____)-0x(____ptrval____)
Oct 24 18:32:39 myarch kernel: Console: colour dummy device 80x25
Oct 24 18:32:39 myarch kernel: printk: console [tty0] enabled
Oct 24 18:32:39 myarch kernel: ACPI: Core revision 20220331
Oct 24 18:32:39 myarch kernel: clocksource: hpet: mask: 0xffffffff max_cycles: 0xffffffff, max_idle_ns: 133484882848 ns
Oct 24 18:32:39 myarch kernel: APIC: Switch to symmetric I/O mode setup
Oct 24 18:32:39 myarch kernel: DMAR-IR: This system BIOS has enabled interrupt remapping
                               on a chipset that contains an erratum making that
                               feature unstable.  To maintain system stability
                               interrupt remapping is being disabled.  Please
                               contact your BIOS vendor for an update
Oct 24 18:32:39 myarch kernel: Switched APIC routing to physical flat.
Oct 24 18:32:39 myarch kernel: ..TIMER: vector=0x30 apic1=0 pin1=2 apic2=-1 pin2=-1
Oct 24 18:32:39 myarch kernel: clocksource: tsc-early: mask: 0xffffffffffffffff max_cycles: 0x2c34ebad26d, max_idle_ns: 440795234751 ns
Oct 24 18:32:39 myarch kernel: Calibrating delay loop (skipped), value calculated using timer frequency.. 6136.25 BogoMIPS (lpj=10222803)
Oct 24 18:32:39 myarch kernel: pid_max: default: 32768 minimum: 301
Oct 24 18:32:39 myarch kernel: LSM: Security Framework initializing
Oct 24 18:32:39 myarch kernel: landlock: Up and running.
Oct 24 18:32:39 myarch kernel: Yama: becoming mindful.
Oct 24 18:32:39 myarch kernel: LSM support for eBPF active
Oct 24 18:32:39 myarch kernel: Mount-cache hash table entries: 32768 (order: 6, 262144 bytes, linear)
Oct 24 18:32:39 myarch kernel: Mountpoint-cache hash table entries: 32768 (order: 6, 262144 bytes, linear)
Oct 24 18:32:39 myarch kernel: CPU0: Thermal monitoring enabled (TM1)
Oct 24 18:32:39 myarch kernel: process: using mwait in idle threads
Oct 24 18:32:39 myarch kernel: Last level iTLB entries: 4KB 512, 2MB 7, 4MB 7
Oct 24 18:32:39 myarch kernel: Last level dTLB entries: 4KB 512, 2MB 32, 4MB 32, 1GB 0
Oct 24 18:32:39 myarch kernel: Spectre V1 : Mitigation: usercopy/swapgs barriers and __user pointer sanitization
Oct 24 18:32:39 myarch kernel: Spectre V2 : Mitigation: Retpolines
Oct 24 18:32:39 myarch kernel: Spectre V2 : Spectre v2 / SpectreRSB mitigation: Filling RSB on context switch
Oct 24 18:32:39 myarch kernel: Spectre V2 : Spectre v2 / SpectreRSB : Filling RSB on VMEXIT
Oct 24 18:32:39 myarch kernel: Spectre V2 : Enabling Restricted Speculation for firmware calls
Oct 24 18:32:39 myarch kernel: Spectre V2 : mitigation: Enabling conditional Indirect Branch Prediction Barrier
Oct 24 18:32:39 myarch kernel: Spectre V2 : User space: Mitigation: STIBP via prctl
Oct 24 18:32:39 myarch kernel: Speculative Store Bypass: Mitigation: Speculative Store Bypass disabled via prctl
Oct 24 18:32:39 myarch kernel: MDS: Vulnerable: Clear CPU buffers attempted, no microcode
Oct 24 18:32:39 myarch kernel: MMIO Stale Data: Unknown: No mitigations
Oct 24 18:32:39 myarch kernel: Freeing SMP alternatives memory: 36K
Oct 24 18:32:39 myarch kernel: smpboot: CPU0: Intel(R) Xeon(R) CPU           X5675  @ 3.07GHz (family: 0x6, model: 0x2c, stepping: 0x2)
Oct 24 18:32:39 myarch kernel: cblist_init_generic: Setting adjustable number of callback queues.
Oct 24 18:32:39 myarch kernel: cblist_init_generic: Setting shift to 5 and lim to 1.
Oct 24 18:32:39 myarch kernel: cblist_init_generic: Setting shift to 5 and lim to 1.
Oct 24 18:32:39 myarch kernel: cblist_init_generic: Setting shift to 5 and lim to 1.
Oct 24 18:32:39 myarch kernel: Performance Events: PEBS fmt1+, Westmere events, 16-deep LBR, Intel PMU driver.
Oct 24 18:32:39 myarch kernel: core: CPUID marked event: 'bus cycles' unavailable
Oct 24 18:32:39 myarch kernel: ... version:                3
Oct 24 18:32:39 myarch kernel: ... bit width:              48
Oct 24 18:32:39 myarch kernel: ... generic registers:      4
Oct 24 18:32:39 myarch kernel: ... value mask:             0000ffffffffffff
Oct 24 18:32:39 myarch kernel: ... max period:             000000007fffffff
Oct 24 18:32:39 myarch kernel: ... fixed-purpose events:   3
Oct 24 18:32:39 myarch kernel: ... event mask:             000000070000000f
Oct 24 18:32:39 myarch kernel: Estimated ratio of average max frequency by base frequency (times 1024): 1113
Oct 24 18:32:39 myarch kernel: rcu: Hierarchical SRCU implementation.
Oct 24 18:32:39 myarch kernel: rcu:         Max phase no-delay instances is 1000.
Oct 24 18:32:39 myarch kernel: NMI watchdog: Enabled. Permanently consumes one hw-PMU counter.
Oct 24 18:32:39 myarch kernel: smp: Bringing up secondary CPUs ...
Oct 24 18:32:39 myarch kernel: x86: Booting SMP configuration:
Oct 24 18:32:39 myarch kernel: .... node  #0, CPUs:        #1  #2  #3  #4  #5  #6
Oct 24 18:32:39 myarch kernel: MDS CPU bug present and SMT on, data leak possible. See https://www.kernel.org/doc/html/latest/admin-guide/hw-vuln/mds.html for more details.
Oct 24 18:32:39 myarch kernel:   #7  #8  #9 #10 #11
Oct 24 18:32:39 myarch kernel: smp: Brought up 1 node, 12 CPUs
Oct 24 18:32:39 myarch kernel: smpboot: Max logical packages: 3
Oct 24 18:32:39 myarch kernel: smpboot: Total of 12 processors activated (73633.02 BogoMIPS)
Oct 24 18:32:39 myarch kernel: devtmpfs: initialized
Oct 24 18:32:39 myarch kernel: x86/mm: Memory block size: 128MB
Oct 24 18:32:39 myarch kernel: ACPI: PM: Registering ACPI NVS region [mem 0xdfdf9c00-0xdfe4bbff] (335872 bytes)
Oct 24 18:32:39 myarch kernel: clocksource: jiffies: mask: 0xffffffff max_cycles: 0xffffffff, max_idle_ns: 6370867519511994 ns
Oct 24 18:32:39 myarch kernel: futex hash table entries: 8192 (order: 7, 524288 bytes, linear)
Oct 24 18:32:39 myarch kernel: pinctrl core: initialized pinctrl subsystem
Oct 24 18:32:39 myarch kernel: PM: RTC time: 00:32:32, date: 2022-10-25
Oct 24 18:32:39 myarch kernel: NET: Registered PF_NETLINK/PF_ROUTE protocol family
Oct 24 18:32:39 myarch kernel: DMA: preallocated 2048 KiB GFP_KERNEL pool for atomic allocations
Oct 24 18:32:39 myarch kernel: DMA: preallocated 2048 KiB GFP_KERNEL|GFP_DMA pool for atomic allocations
Oct 24 18:32:39 myarch kernel: DMA: preallocated 2048 KiB GFP_KERNEL|GFP_DMA32 pool for atomic allocations
Oct 24 18:32:39 myarch kernel: audit: initializing netlink subsys (disabled)
Oct 24 18:32:39 myarch kernel: audit: type=2000 audit(1666657952.179:1): state=initialized audit_enabled=0 res=1
Oct 24 18:32:39 myarch kernel: thermal_sys: Registered thermal governor 'fair_share'
Oct 24 18:32:39 myarch kernel: thermal_sys: Registered thermal governor 'bang_bang'
Oct 24 18:32:39 myarch kernel: thermal_sys: Registered thermal governor 'step_wise'
Oct 24 18:32:39 myarch kernel: thermal_sys: Registered thermal governor 'user_space'
Oct 24 18:32:39 myarch kernel: thermal_sys: Registered thermal governor 'power_allocator'
Oct 24 18:32:39 myarch kernel: cpuidle: using governor ladder
Oct 24 18:32:39 myarch kernel: cpuidle: using governor menu
Oct 24 18:32:39 myarch kernel: Simple Boot Flag at 0x7a set to 0x1
Oct 24 18:32:39 myarch kernel: ACPI FADT declares the system doesn't support PCIe ASPM, so disable it
Oct 24 18:32:39 myarch kernel: acpiphp: ACPI Hot Plug PCI Controller Driver version: 0.5
Oct 24 18:32:39 myarch kernel: PCI: MMCONFIG for domain 0000 [bus 00-3f] at [mem 0xf8000000-0xfbffffff] (base 0xf8000000)
Oct 24 18:32:39 myarch kernel: PCI: MMCONFIG at [mem 0xf8000000-0xfbffffff] reserved in E820
Oct 24 18:32:39 myarch kernel: PCI: Using configuration type 1 for base access
Oct 24 18:32:39 myarch kernel: ENERGY_PERF_BIAS: Set to 'normal', was 'performance'
Oct 24 18:32:39 myarch kernel: kprobes: kprobe jump-optimization is enabled. All kprobes are optimized if possible.
Oct 24 18:32:39 myarch kernel: HugeTLB: registered 1.00 GiB page size, pre-allocated 0 pages
Oct 24 18:32:39 myarch kernel: HugeTLB: 16380 KiB vmemmap can be freed for a 1.00 GiB page
Oct 24 18:32:39 myarch kernel: HugeTLB: registered 2.00 MiB page size, pre-allocated 0 pages
Oct 24 18:32:39 myarch kernel: HugeTLB: 28 KiB vmemmap can be freed for a 2.00 MiB page
Oct 24 18:32:39 myarch kernel: ACPI: Added _OSI(Module Device)
Oct 24 18:32:39 myarch kernel: ACPI: Added _OSI(Processor Device)
Oct 24 18:32:39 myarch kernel: ACPI: Added _OSI(3.0 _SCP Extensions)
Oct 24 18:32:39 myarch kernel: ACPI: Added _OSI(Processor Aggregator Device)
Oct 24 18:32:39 myarch kernel: ACPI: Added _OSI(Linux-Dell-Video)
Oct 24 18:32:39 myarch kernel: ACPI: Added _OSI(Linux-Lenovo-NV-HDMI-Audio)
Oct 24 18:32:39 myarch kernel: ACPI: Added _OSI(Linux-HPI-Hybrid-Graphics)
Oct 24 18:32:39 myarch kernel: ACPI: 2 ACPI AML tables successfully acquired and loaded
Oct 24 18:32:39 myarch kernel: ACPI: [Firmware Bug]: BIOS _OSI(Linux) query ignored
Oct 24 18:32:39 myarch kernel: ACPI: Interpreter enabled
Oct 24 18:32:39 myarch kernel: ACPI: PM: (supports S0 S3 S4 S5)
Oct 24 18:32:39 myarch kernel: ACPI: Using IOAPIC for interrupt routing
Oct 24 18:32:39 myarch kernel: PCI: Using host bridge windows from ACPI; if necessary, use "pci=nocrs" and report a bug
Oct 24 18:32:39 myarch kernel: PCI: Using E820 reservations for host bridge windows
Oct 24 18:32:39 myarch kernel: ACPI: Enabled 15 GPEs in block 00 to 3F
Oct 24 18:32:39 myarch kernel: ACPI: PCI Root Bridge [PCI0] (domain 0000 [bus 00-ff])
Oct 24 18:32:39 myarch kernel: acpi PNP0A03:00: _OSC: OS supports [ExtendedConfig ASPM ClockPM Segments MSI EDR HPX-Type3]
Oct 24 18:32:39 myarch kernel: acpi PNP0A03:00: [Firmware Info]: MMCONFIG for domain 0000 [bus 00-3f] only partially covers this bridge
Oct 24 18:32:39 myarch kernel: PCI host bridge to bus 0000:00
Oct 24 18:32:39 myarch kernel: pci_bus 0000:00: root bus resource [io  0x0000-0x0cf7 window]
Oct 24 18:32:39 myarch kernel: pci_bus 0000:00: root bus resource [io  0x0d00-0xffff window]
Oct 24 18:32:39 myarch kernel: pci_bus 0000:00: root bus resource [mem 0x000a0000-0x000fffff window]
Oct 24 18:32:39 myarch kernel: pci_bus 0000:00: root bus resource [mem 0xdff00000-0xf7ffffff window]
Oct 24 18:32:39 myarch kernel: pci_bus 0000:00: root bus resource [mem 0xff980000-0xff980fff window]
Oct 24 18:32:39 myarch kernel: pci_bus 0000:00: root bus resource [mem 0xff97c000-0xff97ffff window]
Oct 24 18:32:39 myarch kernel: pci_bus 0000:00: root bus resource [mem 0xfed20000-0xfed9ffff window]
Oct 24 18:32:39 myarch kernel: pci_bus 0000:00: root bus resource [bus 00-ff]
Oct 24 18:32:39 myarch kernel: pci 0000:00:00.0: [8086:3405] type 00 class 0x060000
Oct 24 18:32:39 myarch kernel: pci 0000:00:00.0: enabling Extended Tags
Oct 24 18:32:39 myarch kernel: pci 0000:00:00.0: PME# supported from D0 D3hot D3cold
Oct 24 18:32:39 myarch kernel: pci 0000:00:01.0: [8086:3408] type 01 class 0x060400
Oct 24 18:32:39 myarch kernel: pci 0000:00:01.0: enabling Extended Tags
Oct 24 18:32:39 myarch kernel: pci 0000:00:01.0: PME# supported from D0 D3hot D3cold
Oct 24 18:32:39 myarch kernel: pci 0000:00:03.0: [8086:340a] type 01 class 0x060400
Oct 24 18:32:39 myarch kernel: pci 0000:00:03.0: enabling Extended Tags
Oct 24 18:32:39 myarch kernel: pci 0000:00:03.0: PME# supported from D0 D3hot D3cold
Oct 24 18:32:39 myarch kernel: pci 0000:00:07.0: [8086:340e] type 01 class 0x060400
Oct 24 18:32:39 myarch kernel: pci 0000:00:07.0: enabling Extended Tags
Oct 24 18:32:39 myarch kernel: pci 0000:00:07.0: PME# supported from D0 D3hot D3cold
Oct 24 18:32:39 myarch kernel: pci 0000:00:14.0: [8086:342e] type 00 class 0x080000
Oct 24 18:32:39 myarch kernel: pci 0000:00:14.1: [8086:3422] type 00 class 0x080000
Oct 24 18:32:39 myarch kernel: pci 0000:00:14.2: [8086:3423] type 00 class 0x080000
Oct 24 18:32:39 myarch kernel: pci 0000:00:1a.0: [8086:3a37] type 00 class 0x0c0300
Oct 24 18:32:39 myarch kernel: pci 0000:00:1a.0: reg 0x20: [io  0xff20-0xff3f]
Oct 24 18:32:39 myarch kernel: pci 0000:00:1a.1: [8086:3a38] type 00 class 0x0c0300
Oct 24 18:32:39 myarch kernel: pci 0000:00:1a.1: reg 0x20: [io  0xff00-0xff1f]
Oct 24 18:32:39 myarch kernel: pci 0000:00:1a.2: [8086:3a39] type 00 class 0x0c0300
Oct 24 18:32:39 myarch kernel: pci 0000:00:1a.2: reg 0x20: [io  0xfc00-0xfc1f]
Oct 24 18:32:39 myarch kernel: pci 0000:00:1a.7: [8086:3a3c] type 00 class 0x0c0320
Oct 24 18:32:39 myarch kernel: pci 0000:00:1a.7: reg 0x10: [mem 0xf7ffa000-0xf7ffa3ff]
Oct 24 18:32:39 myarch kernel: pci 0000:00:1a.7: PME# supported from D0 D3hot D3cold
Oct 24 18:32:39 myarch kernel: pci 0000:00:1b.0: [8086:3a3e] type 00 class 0x040300
Oct 24 18:32:39 myarch kernel: pci 0000:00:1b.0: reg 0x10: [mem 0xf7ffc000-0xf7ffffff 64bit]
Oct 24 18:32:39 myarch kernel: pci 0000:00:1b.0: PME# supported from D0 D3hot D3cold
Oct 24 18:32:39 myarch kernel: pci 0000:00:1c.0: [8086:3a40] type 01 class 0x060400
Oct 24 18:32:39 myarch kernel: pci 0000:00:1c.0: PME# supported from D0 D3hot D3cold
Oct 24 18:32:39 myarch kernel: pci 0000:00:1c.5: [8086:3a4a] type 01 class 0x060400
Oct 24 18:32:39 myarch kernel: pci 0000:00:1c.5: PME# supported from D0 D3hot D3cold
Oct 24 18:32:39 myarch kernel: pci 0000:00:1d.0: [8086:3a34] type 00 class 0x0c0300
Oct 24 18:32:39 myarch kernel: pci 0000:00:1d.0: reg 0x20: [io  0xff80-0xff9f]
Oct 24 18:32:39 myarch kernel: pci 0000:00:1d.1: [8086:3a35] type 00 class 0x0c0300
Oct 24 18:32:39 myarch kernel: pci 0000:00:1d.1: reg 0x20: [io  0xff60-0xff7f]
Oct 24 18:32:39 myarch kernel: pci 0000:00:1d.2: [8086:3a36] type 00 class 0x0c0300
Oct 24 18:32:39 myarch kernel: pci 0000:00:1d.2: reg 0x20: [io  0xff40-0xff5f]
Oct 24 18:32:39 myarch kernel: pci 0000:00:1d.7: [8086:3a3a] type 00 class 0x0c0320
Oct 24 18:32:39 myarch kernel: pci 0000:00:1d.7: reg 0x10: [mem 0xff980000-0xff9803ff]
Oct 24 18:32:39 myarch kernel: pci 0000:00:1d.7: PME# supported from D0 D3hot D3cold
Oct 24 18:32:39 myarch kernel: pci 0000:00:1e.0: [8086:244e] type 01 class 0x060401
Oct 24 18:32:39 myarch kernel: pci 0000:00:1f.0: [8086:3a16] type 00 class 0x060100
Oct 24 18:32:39 myarch kernel: pci 0000:00:1f.0: quirk: [io  0x0800-0x087f] claimed by ICH6 ACPI/GPIO/TCO
Oct 24 18:32:39 myarch kernel: pci 0000:00:1f.0: quirk: [io  0x0880-0x08bf] claimed by ICH6 GPIO
Oct 24 18:32:39 myarch kernel: pci 0000:00:1f.0: ICH7 LPC Generic IO decode 1 PIO at 0c00 (mask 007f)
Oct 24 18:32:39 myarch kernel: pci 0000:00:1f.0: ICH7 LPC Generic IO decode 2 PIO at 00e0 (mask 0007)
Oct 24 18:32:39 myarch kernel: pci 0000:00:1f.0: ICH7 LPC Generic IO decode 3 PIO at 0900 (mask 003f)
Oct 24 18:32:39 myarch kernel: pci 0000:00:1f.2: [8086:3a22] type 00 class 0x010601
Oct 24 18:32:39 myarch kernel: pci 0000:00:1f.2: reg 0x10: [io  0xfe00-0xfe07]
Oct 24 18:32:39 myarch kernel: pci 0000:00:1f.2: reg 0x14: [io  0xfe10-0xfe13]
Oct 24 18:32:39 myarch kernel: pci 0000:00:1f.2: reg 0x18: [io  0xfe20-0xfe27]
Oct 24 18:32:39 myarch kernel: pci 0000:00:1f.2: reg 0x1c: [io  0xfe30-0xfe33]
Oct 24 18:32:39 myarch kernel: pci 0000:00:1f.2: reg 0x20: [io  0xfec0-0xfedf]
Oct 24 18:32:39 myarch kernel: pci 0000:00:1f.2: reg 0x24: [mem 0xff970000-0xff9707ff]
Oct 24 18:32:39 myarch kernel: pci 0000:00:1f.2: PME# supported from D3hot
Oct 24 18:32:39 myarch kernel: pci 0000:00:1f.3: [8086:3a30] type 00 class 0x0c0500
Oct 24 18:32:39 myarch kernel: pci 0000:00:1f.3: reg 0x10: [mem 0xf7ffb000-0xf7ffb0ff 64bit]
Oct 24 18:32:39 myarch kernel: pci 0000:00:1f.3: reg 0x20: [io  0xece0-0xecff]
Oct 24 18:32:39 myarch kernel: pci 0000:00:01.0: PCI bridge to [bus 01]
Oct 24 18:32:39 myarch kernel: pci 0000:00:01.0:   bridge window [mem 0xf5e00000-0xf5efffff]
Oct 24 18:32:39 myarch kernel: pci 0000:02:00.0: [10de:1c02] type 00 class 0x030000
Oct 24 18:32:39 myarch kernel: pci 0000:02:00.0: reg 0x10: [mem 0xf6000000-0xf6ffffff]
Oct 24 18:32:39 myarch kernel: pci 0000:02:00.0: reg 0x14: [mem 0xe0000000-0xefffffff 64bit pref]
Oct 24 18:32:39 myarch kernel: pci 0000:02:00.0: reg 0x1c: [mem 0xf0000000-0xf1ffffff 64bit pref]
Oct 24 18:32:39 myarch kernel: pci 0000:02:00.0: reg 0x24: [io  0xdc80-0xdcff]
Oct 24 18:32:39 myarch kernel: pci 0000:02:00.0: reg 0x30: [mem 0xf7e00000-0xf7e7ffff pref]
Oct 24 18:32:39 myarch kernel: pci 0000:02:00.0: Video device with shadowed ROM at [mem 0x000c0000-0x000dffff]
Oct 24 18:32:39 myarch kernel: pci 0000:02:00.0: 32.000 Gb/s available PCIe bandwidth, limited by 2.5 GT/s PCIe x16 link at 0000:00:03.0 (capable of 126.016 Gb/s with 8.0 GT/s PCIe x16 link)
Oct 24 18:32:39 myarch kernel: pci 0000:02:00.1: [10de:10f1] type 00 class 0x040300
Oct 24 18:32:39 myarch kernel: pci 0000:02:00.1: reg 0x10: [mem 0xf7dfc000-0xf7dfffff]
Oct 24 18:32:39 myarch kernel: pci 0000:00:03.0: PCI bridge to [bus 02]
Oct 24 18:32:39 myarch kernel: pci 0000:00:03.0:   bridge window [io  0xd000-0xdfff]
Oct 24 18:32:39 myarch kernel: pci 0000:00:03.0:   bridge window [mem 0xf6000000-0xf7efffff]
Oct 24 18:32:39 myarch kernel: pci 0000:00:03.0:   bridge window [mem 0xe0000000-0xf1ffffff 64bit pref]
Oct 24 18:32:39 myarch kernel: pci 0000:03:00.0: [14e4:165a] type 00 class 0x020000
Oct 24 18:32:39 myarch kernel: pci 0000:03:00.0: reg 0x10: [mem 0xf5ff0000-0xf5ffffff 64bit]
Oct 24 18:32:39 myarch kernel: pci 0000:03:00.0: enabling Extended Tags
Oct 24 18:32:39 myarch kernel: pci 0000:03:00.0: PME# supported from D3hot D3cold
Oct 24 18:32:39 myarch kernel: pci 0000:00:07.0: PCI bridge to [bus 03]
Oct 24 18:32:39 myarch kernel: pci 0000:00:07.0:   bridge window [mem 0xf5f00000-0xf5ffffff]
Oct 24 18:32:39 myarch kernel: pci 0000:00:1c.0: PCI bridge to [bus 04]
Oct 24 18:32:39 myarch kernel: pci 0000:05:00.0: [14e4:1681] type 00 class 0x020000
Oct 24 18:32:39 myarch kernel: pci 0000:05:00.0: reg 0x10: [mem 0xf5de0000-0xf5deffff 64bit]
Oct 24 18:32:39 myarch kernel: pci 0000:05:00.0: reg 0x18: [mem 0xf5df0000-0xf5dfffff 64bit]
Oct 24 18:32:39 myarch kernel: pci 0000:05:00.0: enabling Extended Tags
Oct 24 18:32:39 myarch kernel: pci 0000:05:00.0: PME# supported from D3hot D3cold
Oct 24 18:32:39 myarch kernel: pci 0000:00:1c.5: PCI bridge to [bus 05]
Oct 24 18:32:39 myarch kernel: pci 0000:00:1c.5:   bridge window [mem 0xf5d00000-0xf5dfffff]
Oct 24 18:32:39 myarch kernel: pci_bus 0000:06: extended config space not accessible
Oct 24 18:32:39 myarch kernel: pci 0000:00:1e.0: PCI bridge to [bus 06] (subtractive decode)
Oct 24 18:32:39 myarch kernel: pci 0000:00:1e.0:   bridge window [io  0x0000-0x0cf7 window] (subtractive decode)
Oct 24 18:32:39 myarch kernel: pci 0000:00:1e.0:   bridge window [io  0x0d00-0xffff window] (subtractive decode)
Oct 24 18:32:39 myarch kernel: pci 0000:00:1e.0:   bridge window [mem 0x000a0000-0x000fffff window] (subtractive decode)
Oct 24 18:32:39 myarch kernel: pci 0000:00:1e.0:   bridge window [mem 0xdff00000-0xf7ffffff window] (subtractive decode)
Oct 24 18:32:39 myarch kernel: pci 0000:00:1e.0:   bridge window [mem 0xff980000-0xff980fff window] (subtractive decode)
Oct 24 18:32:39 myarch kernel: pci 0000:00:1e.0:   bridge window [mem 0xff97c000-0xff97ffff window] (subtractive decode)
Oct 24 18:32:39 myarch kernel: pci 0000:00:1e.0:   bridge window [mem 0xfed20000-0xfed9ffff window] (subtractive decode)
Oct 24 18:32:39 myarch kernel: ACPI: PCI: Interrupt link LNKA configured for IRQ 11
Oct 24 18:32:39 myarch kernel: ACPI: PCI: Interrupt link LNKB configured for IRQ 10
Oct 24 18:32:39 myarch kernel: ACPI: PCI: Interrupt link LNKC configured for IRQ 3
Oct 24 18:32:39 myarch kernel: ACPI: PCI: Interrupt link LNKD configured for IRQ 0
Oct 24 18:32:39 myarch kernel: ACPI: PCI: Interrupt link LNKD disabled
Oct 24 18:32:39 myarch kernel: ACPI: PCI: Interrupt link LNKE configured for IRQ 3
Oct 24 18:32:39 myarch kernel: ACPI: PCI: Interrupt link LNKF configured for IRQ 0
Oct 24 18:32:39 myarch kernel: ACPI: PCI: Interrupt link LNKF disabled
Oct 24 18:32:39 myarch kernel: ACPI: PCI: Interrupt link LNKG configured for IRQ 9
Oct 24 18:32:39 myarch kernel: ACPI: PCI: Interrupt link LNKH configured for IRQ 5
Oct 24 18:32:39 myarch kernel: iommu: Default domain type: Translated 
Oct 24 18:32:39 myarch kernel: iommu: DMA domain TLB invalidation policy: lazy mode 
Oct 24 18:32:39 myarch kernel: SCSI subsystem initialized
Oct 24 18:32:39 myarch kernel: libata version 3.00 loaded.
Oct 24 18:32:39 myarch kernel: ACPI: bus type USB registered
Oct 24 18:32:39 myarch kernel: usbcore: registered new interface driver usbfs
Oct 24 18:32:39 myarch kernel: usbcore: registered new interface driver hub
Oct 24 18:32:39 myarch kernel: usbcore: registered new device driver usb
Oct 24 18:32:39 myarch kernel: pps_core: LinuxPPS API ver. 1 registered
Oct 24 18:32:39 myarch kernel: pps_core: Software ver. 5.3.6 - Copyright 2005-2007 Rodolfo Giometti <giometti@linux.it>
Oct 24 18:32:39 myarch kernel: PTP clock support registered
Oct 24 18:32:39 myarch kernel: EDAC MC: Ver: 3.0.0
Oct 24 18:32:39 myarch kernel: NetLabel: Initializing
Oct 24 18:32:39 myarch kernel: NetLabel:  domain hash size = 128
Oct 24 18:32:39 myarch kernel: NetLabel:  protocols = UNLABELED CIPSOv4 CALIPSO
Oct 24 18:32:39 myarch kernel: NetLabel:  unlabeled traffic allowed by default
Oct 24 18:32:39 myarch kernel: mctp: management component transport protocol core
Oct 24 18:32:39 myarch kernel: NET: Registered PF_MCTP protocol family
Oct 24 18:32:39 myarch kernel: PCI: Using ACPI for IRQ routing
Oct 24 18:32:39 myarch kernel: PCI: Discovered peer bus 3f
Oct 24 18:32:39 myarch kernel: PCI: root bus 3f: using default resources
Oct 24 18:32:39 myarch kernel: PCI: Probing PCI hardware (bus 3f)
Oct 24 18:32:39 myarch kernel: PCI host bridge to bus 0000:3f
Oct 24 18:32:39 myarch kernel: pci_bus 0000:3f: root bus resource [io  0x0000-0xffff]
Oct 24 18:32:39 myarch kernel: pci_bus 0000:3f: root bus resource [mem 0x00000000-0xffffffffff]
Oct 24 18:32:39 myarch kernel: pci_bus 0000:3f: No busn resource found for root bus, will use [bus 3f-ff]
Oct 24 18:32:39 myarch kernel: pci_bus 0000:3f: busn_res: can not insert [bus 3f-ff] under domain [bus 00-ff] (conflicts with (null) [bus 00-ff])
Oct 24 18:32:39 myarch kernel: pci 0000:3f:00.0: [8086:2c70] type 00 class 0x060000
Oct 24 18:32:39 myarch kernel: pci 0000:3f:00.1: [8086:2d81] type 00 class 0x060000
Oct 24 18:32:39 myarch kernel: pci 0000:3f:02.0: [8086:2d90] type 00 class 0x060000
Oct 24 18:32:39 myarch kernel: pci 0000:3f:02.1: [8086:2d91] type 00 class 0x060000
Oct 24 18:32:39 myarch kernel: pci 0000:3f:02.2: [8086:2d92] type 00 class 0x060000
Oct 24 18:32:39 myarch kernel: pci 0000:3f:02.3: [8086:2d93] type 00 class 0x060000
Oct 24 18:32:39 myarch kernel: pci 0000:3f:02.4: [8086:2d94] type 00 class 0x060000
Oct 24 18:32:39 myarch kernel: pci 0000:3f:02.5: [8086:2d95] type 00 class 0x060000
Oct 24 18:32:39 myarch kernel: pci 0000:3f:03.0: [8086:2d98] type 00 class 0x060000
Oct 24 18:32:39 myarch kernel: pci 0000:3f:03.1: [8086:2d99] type 00 class 0x060000
Oct 24 18:32:39 myarch kernel: pci 0000:3f:03.2: [8086:2d9a] type 00 class 0x060000
Oct 24 18:32:39 myarch kernel: pci 0000:3f:03.4: [8086:2d9c] type 00 class 0x060000
Oct 24 18:32:39 myarch kernel: pci 0000:3f:04.0: [8086:2da0] type 00 class 0x060000
Oct 24 18:32:39 myarch kernel: pci 0000:3f:04.1: [8086:2da1] type 00 class 0x060000
Oct 24 18:32:39 myarch kernel: pci 0000:3f:04.2: [8086:2da2] type 00 class 0x060000
Oct 24 18:32:39 myarch kernel: pci 0000:3f:04.3: [8086:2da3] type 00 class 0x060000
Oct 24 18:32:39 myarch kernel: pci 0000:3f:05.0: [8086:2da8] type 00 class 0x060000
Oct 24 18:32:39 myarch kernel: pci 0000:3f:05.1: [8086:2da9] type 00 class 0x060000
Oct 24 18:32:39 myarch kernel: pci 0000:3f:05.2: [8086:2daa] type 00 class 0x060000
Oct 24 18:32:39 myarch kernel: pci 0000:3f:05.3: [8086:2dab] type 00 class 0x060000
Oct 24 18:32:39 myarch kernel: pci 0000:3f:06.0: [8086:2db0] type 00 class 0x060000
Oct 24 18:32:39 myarch kernel: pci 0000:3f:06.1: [8086:2db1] type 00 class 0x060000
Oct 24 18:32:39 myarch kernel: pci 0000:3f:06.2: [8086:2db2] type 00 class 0x060000
Oct 24 18:32:39 myarch kernel: pci 0000:3f:06.3: [8086:2db3] type 00 class 0x060000
Oct 24 18:32:39 myarch kernel: pci_bus 0000:3f: busn_res: [bus 3f-ff] end is updated to 3f
Oct 24 18:32:39 myarch kernel: pci_bus 0000:3f: busn_res: can not insert [bus 3f] under domain [bus 00-ff] (conflicts with (null) [bus 00-ff])
Oct 24 18:32:39 myarch kernel: PCI: pci_cache_line_size set to 64 bytes
Oct 24 18:32:39 myarch kernel: pci 0000:00:1f.2: can't claim BAR 5 [mem 0xff970000-0xff9707ff]: no compatible bridge window
Oct 24 18:32:39 myarch kernel: Expanded resource Reserved due to conflict with PCI Bus 0000:00
Oct 24 18:32:39 myarch kernel: e820: reserve RAM buffer [mem 0x0009ec00-0x0009ffff]
Oct 24 18:32:39 myarch kernel: e820: reserve RAM buffer [mem 0xdfdf9c00-0xdfffffff]
Oct 24 18:32:39 myarch kernel: pci 0000:02:00.0: vgaarb: setting as boot VGA device
Oct 24 18:32:39 myarch kernel: pci 0000:02:00.0: vgaarb: bridge control possible
Oct 24 18:32:39 myarch kernel: pci 0000:02:00.0: vgaarb: VGA device added: decodes=io+mem,owns=io+mem,locks=none
Oct 24 18:32:39 myarch kernel: vgaarb: loaded
Oct 24 18:32:39 myarch kernel: hpet0: at MMIO 0xfed00000, IRQs 2, 8, 0, 0
Oct 24 18:32:39 myarch kernel: hpet0: 4 comparators, 64-bit 14.318180 MHz counter
Oct 24 18:32:39 myarch kernel: clocksource: Switched to clocksource tsc-early
Oct 24 18:32:39 myarch kernel: VFS: Disk quotas dquot_6.6.0
Oct 24 18:32:39 myarch kernel: VFS: Dquot-cache hash table entries: 512 (order 0, 4096 bytes)
Oct 24 18:32:39 myarch kernel: pnp: PnP ACPI init
Oct 24 18:32:39 myarch kernel: pnp 00:00: disabling [io  0x0800-0x085f] because it overlaps 0000:00:1f.0 BAR 13 [io  0x0800-0x087f]
Oct 24 18:32:39 myarch kernel: pnp 00:00: disabling [io  0x0860-0x08ff] because it overlaps 0000:00:1f.0 BAR 13 [io  0x0800-0x087f]
Oct 24 18:32:39 myarch kernel: system 00:00: [io  0x0c00-0x0c7f] has been reserved
Oct 24 18:32:39 myarch kernel: pnp 00:02: [dma 0 disabled]
Oct 24 18:32:39 myarch kernel: pnp: PnP ACPI: found 5 devices
Oct 24 18:32:39 myarch kernel: clocksource: acpi_pm: mask: 0xffffff max_cycles: 0xffffff, max_idle_ns: 2085701024 ns
Oct 24 18:32:39 myarch kernel: NET: Registered PF_INET protocol family
Oct 24 18:32:39 myarch kernel: IP idents hash table entries: 262144 (order: 9, 2097152 bytes, linear)
Oct 24 18:32:39 myarch kernel: tcp_listen_portaddr_hash hash table entries: 8192 (order: 5, 131072 bytes, linear)
Oct 24 18:32:39 myarch kernel: Table-perturb hash table entries: 65536 (order: 6, 262144 bytes, linear)
Oct 24 18:32:39 myarch kernel: TCP established hash table entries: 131072 (order: 8, 1048576 bytes, linear)
Oct 24 18:32:39 myarch kernel: TCP bind hash table entries: 65536 (order: 8, 1048576 bytes, linear)
Oct 24 18:32:39 myarch kernel: TCP: Hash tables configured (established 131072 bind 65536)
Oct 24 18:32:39 myarch kernel: MPTCP token hash table entries: 16384 (order: 6, 393216 bytes, linear)
Oct 24 18:32:39 myarch kernel: UDP hash table entries: 8192 (order: 6, 262144 bytes, linear)
Oct 24 18:32:39 myarch kernel: UDP-Lite hash table entries: 8192 (order: 6, 262144 bytes, linear)
Oct 24 18:32:39 myarch kernel: NET: Registered PF_UNIX/PF_LOCAL protocol family
Oct 24 18:32:39 myarch kernel: NET: Registered PF_XDP protocol family
Oct 24 18:32:39 myarch kernel: pci 0000:00:1c.0: bridge window [io  0x1000-0x0fff] to [bus 04] add_size 1000
Oct 24 18:32:39 myarch kernel: pci 0000:00:1c.0: bridge window [mem 0x00100000-0x000fffff 64bit pref] to [bus 04] add_size 200000 add_align 100000
Oct 24 18:32:39 myarch kernel: pci 0000:00:1c.0: bridge window [mem 0x00100000-0x000fffff] to [bus 04] add_size 200000 add_align 100000
Oct 24 18:32:39 myarch kernel: clipped [mem size 0x00100000] to [mem size 0x00000000] for e820 entry [mem 0xdfe4dc00-0xdfffffff]
Oct 24 18:32:39 myarch kernel: pci 0000:00:1c.0: BAR 14: assigned [mem 0xf2000000-0xf21fffff]
Oct 24 18:32:39 myarch kernel: clipped [mem size 0x00000000 64bit pref] to [mem size 0xfffffffffff00000 64bit pref] for e820 entry [mem 0xdfe4dc00-0xdfffffff]
Oct 24 18:32:39 myarch kernel: clipped [mem size 0x00100000 64bit pref] to [mem size 0x00000000 64bit pref] for e820 entry [mem 0xdfe4dc00-0xdfffffff]
Oct 24 18:32:39 myarch kernel: pci 0000:00:1c.0: BAR 15: assigned [mem 0xf2200000-0xf23fffff 64bit pref]
Oct 24 18:32:39 myarch kernel: pci 0000:00:1c.0: BAR 13: assigned [io  0x1000-0x1fff]
Oct 24 18:32:39 myarch kernel: clipped [mem size 0x00100000] to [mem size 0x00000000] for e820 entry [mem 0xdfe4dc00-0xdfffffff]
Oct 24 18:32:39 myarch kernel: pci 0000:00:1f.2: BAR 5: assigned [mem 0xf2400000-0xf24007ff]
Oct 24 18:32:39 myarch kernel: pci 0000:00:01.0: PCI bridge to [bus 01]
Oct 24 18:32:39 myarch kernel: pci 0000:00:01.0:   bridge window [mem 0xf5e00000-0xf5efffff]
Oct 24 18:32:39 myarch kernel: pci 0000:00:03.0: PCI bridge to [bus 02]
Oct 24 18:32:39 myarch kernel: pci 0000:00:03.0:   bridge window [io  0xd000-0xdfff]
Oct 24 18:32:39 myarch kernel: pci 0000:00:03.0:   bridge window [mem 0xf6000000-0xf7efffff]
Oct 24 18:32:39 myarch kernel: pci 0000:00:03.0:   bridge window [mem 0xe0000000-0xf1ffffff 64bit pref]
Oct 24 18:32:39 myarch kernel: pci 0000:00:07.0: PCI bridge to [bus 03]
Oct 24 18:32:39 myarch kernel: pci 0000:00:07.0:   bridge window [mem 0xf5f00000-0xf5ffffff]
Oct 24 18:32:39 myarch kernel: pci 0000:00:1c.0: PCI bridge to [bus 04]
Oct 24 18:32:39 myarch kernel: pci 0000:00:1c.0:   bridge window [io  0x1000-0x1fff]
Oct 24 18:32:39 myarch kernel: pci 0000:00:1c.0:   bridge window [mem 0xf2000000-0xf21fffff]
Oct 24 18:32:39 myarch kernel: pci 0000:00:1c.0:   bridge window [mem 0xf2200000-0xf23fffff 64bit pref]
Oct 24 18:32:39 myarch kernel: pci 0000:00:1c.5: PCI bridge to [bus 05]
Oct 24 18:32:39 myarch kernel: pci 0000:00:1c.5:   bridge window [mem 0xf5d00000-0xf5dfffff]
Oct 24 18:32:39 myarch kernel: pci 0000:00:1e.0: PCI bridge to [bus 06]
Oct 24 18:32:39 myarch kernel: pci_bus 0000:00: resource 4 [io  0x0000-0x0cf7 window]
Oct 24 18:32:39 myarch kernel: pci_bus 0000:00: resource 5 [io  0x0d00-0xffff window]
Oct 24 18:32:39 myarch kernel: pci_bus 0000:00: resource 6 [mem 0x000a0000-0x000fffff window]
Oct 24 18:32:39 myarch kernel: pci_bus 0000:00: resource 7 [mem 0xdff00000-0xf7ffffff window]
Oct 24 18:32:39 myarch kernel: pci_bus 0000:00: resource 8 [mem 0xff980000-0xff980fff window]
Oct 24 18:32:39 myarch kernel: pci_bus 0000:00: resource 9 [mem 0xff97c000-0xff97ffff window]
Oct 24 18:32:39 myarch kernel: pci_bus 0000:00: resource 10 [mem 0xfed20000-0xfed9ffff window]
Oct 24 18:32:39 myarch kernel: pci_bus 0000:01: resource 1 [mem 0xf5e00000-0xf5efffff]
Oct 24 18:32:39 myarch kernel: pci_bus 0000:02: resource 0 [io  0xd000-0xdfff]
Oct 24 18:32:39 myarch kernel: pci_bus 0000:02: resource 1 [mem 0xf6000000-0xf7efffff]
Oct 24 18:32:39 myarch kernel: pci_bus 0000:02: resource 2 [mem 0xe0000000-0xf1ffffff 64bit pref]
Oct 24 18:32:39 myarch kernel: pci_bus 0000:03: resource 1 [mem 0xf5f00000-0xf5ffffff]
Oct 24 18:32:39 myarch kernel: pci_bus 0000:04: resource 0 [io  0x1000-0x1fff]
Oct 24 18:32:39 myarch kernel: pci_bus 0000:04: resource 1 [mem 0xf2000000-0xf21fffff]
Oct 24 18:32:39 myarch kernel: pci_bus 0000:04: resource 2 [mem 0xf2200000-0xf23fffff 64bit pref]
Oct 24 18:32:39 myarch kernel: pci_bus 0000:05: resource 1 [mem 0xf5d00000-0xf5dfffff]
Oct 24 18:32:39 myarch kernel: pci_bus 0000:06: resource 4 [io  0x0000-0x0cf7 window]
Oct 24 18:32:39 myarch kernel: pci_bus 0000:06: resource 5 [io  0x0d00-0xffff window]
Oct 24 18:32:39 myarch kernel: pci_bus 0000:06: resource 6 [mem 0x000a0000-0x000fffff window]
Oct 24 18:32:39 myarch kernel: pci_bus 0000:06: resource 7 [mem 0xdff00000-0xf7ffffff window]
Oct 24 18:32:39 myarch kernel: pci_bus 0000:06: resource 8 [mem 0xff980000-0xff980fff window]
Oct 24 18:32:39 myarch kernel: pci_bus 0000:06: resource 9 [mem 0xff97c000-0xff97ffff window]
Oct 24 18:32:39 myarch kernel: pci_bus 0000:06: resource 10 [mem 0xfed20000-0xfed9ffff window]
Oct 24 18:32:39 myarch kernel: pci_bus 0000:3f: resource 4 [io  0x0000-0xffff]
Oct 24 18:32:39 myarch kernel: pci_bus 0000:3f: resource 5 [mem 0x00000000-0xffffffffff]
Oct 24 18:32:39 myarch kernel: pci 0000:02:00.1: D0 power state depends on 0000:02:00.0
Oct 24 18:32:39 myarch kernel: PCI: CLS 64 bytes, default 64
Oct 24 18:32:39 myarch kernel: DMAR: Host address width 40
Oct 24 18:32:39 myarch kernel: DMAR: DRHD base: 0x000000fedc0000 flags: 0x1
Oct 24 18:32:39 myarch kernel: DMAR: dmar0: reg_base_addr fedc0000 ver 1:0 cap c90780106f0462 ecap f020fe
Oct 24 18:32:39 myarch kernel: DMAR: RMRR base: 0x000000dfe58000 end: 0x000000dfe6ffff
Oct 24 18:32:39 myarch kernel: DMAR: ATSR flags: 0x0
Oct 24 18:32:39 myarch kernel: PCI-DMA: Using software bounce buffering for IO (SWIOTLB)
Oct 24 18:32:39 myarch kernel: software IO TLB: mapped [mem 0x00000000dbdf9000-0x00000000dfdf9000] (64MB)
Oct 24 18:32:39 myarch kernel: Trying to unpack rootfs image as initramfs...
Oct 24 18:32:39 myarch kernel: Initialise system trusted keyrings
Oct 24 18:32:39 myarch kernel: Key type blacklist registered
Oct 24 18:32:39 myarch kernel: workingset: timestamp_bits=41 max_order=22 bucket_order=0
Oct 24 18:32:39 myarch kernel: zbud: loaded
Oct 24 18:32:39 myarch kernel: integrity: Platform Keyring initialized
Oct 24 18:32:39 myarch kernel: integrity: Machine keyring initialized
Oct 24 18:32:39 myarch kernel: Key type asymmetric registered
Oct 24 18:32:39 myarch kernel: Asymmetric key parser 'x509' registered
Oct 24 18:32:39 myarch kernel: Freeing initrd memory: 13752K
Oct 24 18:32:39 myarch kernel: alg: self-tests for CTR-KDF (hmac(sha256)) passed
Oct 24 18:32:39 myarch kernel: Block layer SCSI generic (bsg) driver version 0.4 loaded (major 243)
Oct 24 18:32:39 myarch kernel: io scheduler mq-deadline registered
Oct 24 18:32:39 myarch kernel: io scheduler kyber registered
Oct 24 18:32:39 myarch kernel: io scheduler bfq registered
Oct 24 18:32:39 myarch kernel: shpchp: Standard Hot Plug PCI Controller Driver version: 0.4
Oct 24 18:32:39 myarch kernel: input: Power Button as /devices/LNXSYSTM:00/LNXSYBUS:00/PNP0C0C:00/input/input0
Oct 24 18:32:39 myarch kernel: ACPI: button: Power Button [VBTN]
Oct 24 18:32:39 myarch kernel: input: Power Button as /devices/LNXSYSTM:00/LNXPWRBN:00/input/input1
Oct 24 18:32:39 myarch kernel: ACPI: button: Power Button [PWRF]
Oct 24 18:32:39 myarch kernel: Serial: 8250/16550 driver, 32 ports, IRQ sharing enabled
Oct 24 18:32:39 myarch kernel: 00:03: ttyS0 at I/O 0x3f8 (irq = 4, base_baud = 115200) is a 16550A
Oct 24 18:32:39 myarch kernel: Non-volatile memory driver v1.3
Oct 24 18:32:39 myarch kernel: Linux agpgart interface v0.103
Oct 24 18:32:39 myarch kernel: AMD-Vi: AMD IOMMUv2 functionality not available on this system - This is not a bug.
Oct 24 18:32:39 myarch kernel: ACPI: bus type drm_connector registered
Oct 24 18:32:39 myarch kernel: ahci 0000:00:1f.2: version 3.0
Oct 24 18:32:39 myarch kernel: ahci 0000:00:1f.2: AHCI 0001.0200 32 slots 6 ports 3 Gbps 0x3f impl SATA mode
Oct 24 18:32:39 myarch kernel: ahci 0000:00:1f.2: flags: 64bit ncq sntf led clo pio ccc ems sxs 
Oct 24 18:32:39 myarch kernel: scsi host0: ahci
Oct 24 18:32:39 myarch kernel: scsi host1: ahci
Oct 24 18:32:39 myarch kernel: scsi host2: ahci
Oct 24 18:32:39 myarch kernel: scsi host3: ahci
Oct 24 18:32:39 myarch kernel: scsi host4: ahci
Oct 24 18:32:39 myarch kernel: scsi host5: ahci
Oct 24 18:32:39 myarch kernel: ata1: SATA max UDMA/133 abar m2048@0xf2400000 port 0xf2400100 irq 27
Oct 24 18:32:39 myarch kernel: ata2: SATA max UDMA/133 abar m2048@0xf2400000 port 0xf2400180 irq 27
Oct 24 18:32:39 myarch kernel: ata3: SATA max UDMA/133 abar m2048@0xf2400000 port 0xf2400200 irq 27
Oct 24 18:32:39 myarch kernel: ata4: SATA max UDMA/133 abar m2048@0xf2400000 port 0xf2400280 irq 27
Oct 24 18:32:39 myarch kernel: ata5: SATA max UDMA/133 abar m2048@0xf2400000 port 0xf2400300 irq 27
Oct 24 18:32:39 myarch kernel: ata6: SATA max UDMA/133 abar m2048@0xf2400000 port 0xf2400380 irq 27
Oct 24 18:32:39 myarch kernel: ehci_hcd: USB 2.0 'Enhanced' Host Controller (EHCI) Driver
Oct 24 18:32:39 myarch kernel: ehci-pci: EHCI PCI platform driver
Oct 24 18:32:39 myarch kernel: ehci-pci 0000:00:1a.7: EHCI Host Controller
Oct 24 18:32:39 myarch kernel: ehci-pci 0000:00:1a.7: new USB bus registered, assigned bus number 1
Oct 24 18:32:39 myarch kernel: ehci-pci 0000:00:1a.7: debug port 1
Oct 24 18:32:39 myarch kernel: ehci-pci 0000:00:1a.7: irq 22, io mem 0xf7ffa000
Oct 24 18:32:39 myarch kernel: ehci-pci 0000:00:1a.7: USB 2.0 started, EHCI 1.00
Oct 24 18:32:39 myarch kernel: usb usb1: New USB device found, idVendor=1d6b, idProduct=0002, bcdDevice= 6.00
Oct 24 18:32:39 myarch kernel: usb usb1: New USB device strings: Mfr=3, Product=2, SerialNumber=1
Oct 24 18:32:39 myarch kernel: usb usb1: Product: EHCI Host Controller
Oct 24 18:32:39 myarch kernel: usb usb1: Manufacturer: Linux 6.0.2-arch1-1 ehci_hcd
Oct 24 18:32:39 myarch kernel: usb usb1: SerialNumber: 0000:00:1a.7
Oct 24 18:32:39 myarch kernel: hub 1-0:1.0: USB hub found
Oct 24 18:32:39 myarch kernel: hub 1-0:1.0: 6 ports detected
Oct 24 18:32:39 myarch kernel: ehci-pci 0000:00:1d.7: EHCI Host Controller
Oct 24 18:32:39 myarch kernel: ehci-pci 0000:00:1d.7: new USB bus registered, assigned bus number 2
Oct 24 18:32:39 myarch kernel: ehci-pci 0000:00:1d.7: debug port 1
Oct 24 18:32:39 myarch kernel: ehci-pci 0000:00:1d.7: irq 23, io mem 0xff980000
Oct 24 18:32:39 myarch kernel: ehci-pci 0000:00:1d.7: USB 2.0 started, EHCI 1.00
Oct 24 18:32:39 myarch kernel: usb usb2: New USB device found, idVendor=1d6b, idProduct=0002, bcdDevice= 6.00
Oct 24 18:32:39 myarch kernel: usb usb2: New USB device strings: Mfr=3, Product=2, SerialNumber=1
Oct 24 18:32:39 myarch kernel: usb usb2: Product: EHCI Host Controller
Oct 24 18:32:39 myarch kernel: usb usb2: Manufacturer: Linux 6.0.2-arch1-1 ehci_hcd
Oct 24 18:32:39 myarch kernel: usb usb2: SerialNumber: 0000:00:1d.7
Oct 24 18:32:39 myarch kernel: hub 2-0:1.0: USB hub found
Oct 24 18:32:39 myarch kernel: hub 2-0:1.0: 6 ports detected
Oct 24 18:32:39 myarch kernel: ohci_hcd: USB 1.1 'Open' Host Controller (OHCI) Driver
Oct 24 18:32:39 myarch kernel: ohci-pci: OHCI PCI platform driver
Oct 24 18:32:39 myarch kernel: uhci_hcd: USB Universal Host Controller Interface driver
Oct 24 18:32:39 myarch kernel: uhci_hcd 0000:00:1a.0: UHCI Host Controller
Oct 24 18:32:39 myarch kernel: uhci_hcd 0000:00:1a.0: new USB bus registered, assigned bus number 3
Oct 24 18:32:39 myarch kernel: uhci_hcd 0000:00:1a.0: detected 2 ports
Oct 24 18:32:39 myarch kernel: uhci_hcd 0000:00:1a.0: irq 16, io port 0x0000ff20
Oct 24 18:32:39 myarch kernel: usb usb3: New USB device found, idVendor=1d6b, idProduct=0001, bcdDevice= 6.00
Oct 24 18:32:39 myarch kernel: usb usb3: New USB device strings: Mfr=3, Product=2, SerialNumber=1
Oct 24 18:32:39 myarch kernel: usb usb3: Product: UHCI Host Controller
Oct 24 18:32:39 myarch kernel: usb usb3: Manufacturer: Linux 6.0.2-arch1-1 uhci_hcd
Oct 24 18:32:39 myarch kernel: usb usb3: SerialNumber: 0000:00:1a.0
Oct 24 18:32:39 myarch kernel: hub 3-0:1.0: USB hub found
Oct 24 18:32:39 myarch kernel: hub 3-0:1.0: 2 ports detected
Oct 24 18:32:39 myarch kernel: uhci_hcd 0000:00:1a.1: UHCI Host Controller
Oct 24 18:32:39 myarch kernel: uhci_hcd 0000:00:1a.1: new USB bus registered, assigned bus number 4
Oct 24 18:32:39 myarch kernel: uhci_hcd 0000:00:1a.1: detected 2 ports
Oct 24 18:32:39 myarch kernel: uhci_hcd 0000:00:1a.1: irq 17, io port 0x0000ff00
Oct 24 18:32:39 myarch kernel: usb usb4: New USB device found, idVendor=1d6b, idProduct=0001, bcdDevice= 6.00
Oct 24 18:32:39 myarch kernel: usb usb4: New USB device strings: Mfr=3, Product=2, SerialNumber=1
Oct 24 18:32:39 myarch kernel: usb usb4: Product: UHCI Host Controller
Oct 24 18:32:39 myarch kernel: usb usb4: Manufacturer: Linux 6.0.2-arch1-1 uhci_hcd
Oct 24 18:32:39 myarch kernel: usb usb4: SerialNumber: 0000:00:1a.1
Oct 24 18:32:39 myarch kernel: hub 4-0:1.0: USB hub found
Oct 24 18:32:39 myarch kernel: hub 4-0:1.0: 2 ports detected
Oct 24 18:32:39 myarch kernel: uhci_hcd 0000:00:1a.2: UHCI Host Controller
Oct 24 18:32:39 myarch kernel: uhci_hcd 0000:00:1a.2: new USB bus registered, assigned bus number 5
Oct 24 18:32:39 myarch kernel: uhci_hcd 0000:00:1a.2: detected 2 ports
Oct 24 18:32:39 myarch kernel: uhci_hcd 0000:00:1a.2: irq 22, io port 0x0000fc00
Oct 24 18:32:39 myarch kernel: usb usb5: New USB device found, idVendor=1d6b, idProduct=0001, bcdDevice= 6.00
Oct 24 18:32:39 myarch kernel: usb usb5: New USB device strings: Mfr=3, Product=2, SerialNumber=1
Oct 24 18:32:39 myarch kernel: usb usb5: Product: UHCI Host Controller
Oct 24 18:32:39 myarch kernel: usb usb5: Manufacturer: Linux 6.0.2-arch1-1 uhci_hcd
Oct 24 18:32:39 myarch kernel: usb usb5: SerialNumber: 0000:00:1a.2
Oct 24 18:32:39 myarch kernel: hub 5-0:1.0: USB hub found
Oct 24 18:32:39 myarch kernel: hub 5-0:1.0: 2 ports detected
Oct 24 18:32:39 myarch kernel: uhci_hcd 0000:00:1d.0: UHCI Host Controller
Oct 24 18:32:39 myarch kernel: uhci_hcd 0000:00:1d.0: new USB bus registered, assigned bus number 6
Oct 24 18:32:39 myarch kernel: uhci_hcd 0000:00:1d.0: detected 2 ports
Oct 24 18:32:39 myarch kernel: uhci_hcd 0000:00:1d.0: irq 23, io port 0x0000ff80
Oct 24 18:32:39 myarch kernel: usb usb6: New USB device found, idVendor=1d6b, idProduct=0001, bcdDevice= 6.00
Oct 24 18:32:39 myarch kernel: usb usb6: New USB device strings: Mfr=3, Product=2, SerialNumber=1
Oct 24 18:32:39 myarch kernel: usb usb6: Product: UHCI Host Controller
Oct 24 18:32:39 myarch kernel: usb usb6: Manufacturer: Linux 6.0.2-arch1-1 uhci_hcd
Oct 24 18:32:39 myarch kernel: usb usb6: SerialNumber: 0000:00:1d.0
Oct 24 18:32:39 myarch kernel: hub 6-0:1.0: USB hub found
Oct 24 18:32:39 myarch kernel: hub 6-0:1.0: 2 ports detected
Oct 24 18:32:39 myarch kernel: uhci_hcd 0000:00:1d.1: UHCI Host Controller
Oct 24 18:32:39 myarch kernel: uhci_hcd 0000:00:1d.1: new USB bus registered, assigned bus number 7
Oct 24 18:32:39 myarch kernel: uhci_hcd 0000:00:1d.1: detected 2 ports
Oct 24 18:32:39 myarch kernel: uhci_hcd 0000:00:1d.1: irq 17, io port 0x0000ff60
Oct 24 18:32:39 myarch kernel: usb usb7: New USB device found, idVendor=1d6b, idProduct=0001, bcdDevice= 6.00
Oct 24 18:32:39 myarch kernel: usb usb7: New USB device strings: Mfr=3, Product=2, SerialNumber=1
Oct 24 18:32:39 myarch kernel: usb usb7: Product: UHCI Host Controller
Oct 24 18:32:39 myarch kernel: usb usb7: Manufacturer: Linux 6.0.2-arch1-1 uhci_hcd
Oct 24 18:32:39 myarch kernel: usb usb7: SerialNumber: 0000:00:1d.1
Oct 24 18:32:39 myarch kernel: hub 7-0:1.0: USB hub found
Oct 24 18:32:39 myarch kernel: hub 7-0:1.0: 2 ports detected
Oct 24 18:32:39 myarch kernel: uhci_hcd 0000:00:1d.2: UHCI Host Controller
Oct 24 18:32:39 myarch kernel: uhci_hcd 0000:00:1d.2: new USB bus registered, assigned bus number 8
Oct 24 18:32:39 myarch kernel: uhci_hcd 0000:00:1d.2: detected 2 ports
Oct 24 18:32:39 myarch kernel: uhci_hcd 0000:00:1d.2: irq 18, io port 0x0000ff40
Oct 24 18:32:39 myarch kernel: usb usb8: New USB device found, idVendor=1d6b, idProduct=0001, bcdDevice= 6.00
Oct 24 18:32:39 myarch kernel: usb usb8: New USB device strings: Mfr=3, Product=2, SerialNumber=1
Oct 24 18:32:39 myarch kernel: usb usb8: Product: UHCI Host Controller
Oct 24 18:32:39 myarch kernel: usb usb8: Manufacturer: Linux 6.0.2-arch1-1 uhci_hcd
Oct 24 18:32:39 myarch kernel: usb usb8: SerialNumber: 0000:00:1d.2
Oct 24 18:32:39 myarch kernel: hub 8-0:1.0: USB hub found
Oct 24 18:32:39 myarch kernel: hub 8-0:1.0: 2 ports detected
Oct 24 18:32:39 myarch kernel: usbcore: registered new interface driver usbserial_generic
Oct 24 18:32:39 myarch kernel: usbserial: USB Serial support registered for generic
Oct 24 18:32:39 myarch kernel: rtc_cmos 00:01: RTC can wake from S4
Oct 24 18:32:39 myarch kernel: rtc_cmos 00:01: registered as rtc0
Oct 24 18:32:39 myarch kernel: rtc_cmos 00:01: setting system clock to 2022-10-25T00:32:32 UTC (1666657952)
Oct 24 18:32:39 myarch kernel: rtc_cmos 00:01: alarms up to one day, 242 bytes nvram, hpet irqs
Oct 24 18:32:39 myarch kernel: intel_pstate: CPU model not supported
Oct 24 18:32:39 myarch kernel: ledtrig-cpu: registered to indicate activity on CPUs
Oct 24 18:32:39 myarch kernel: vesafb: mode is 640x480x32, linelength=2560, pages=0
Oct 24 18:32:39 myarch kernel: vesafb: scrolling: redraw
Oct 24 18:32:39 myarch kernel: vesafb: Truecolor: size=8:8:8:8, shift=24:16:8:0
Oct 24 18:32:39 myarch kernel: vesafb: framebuffer at 0xf1000000, mapped to 0x(____ptrval____), using 1216k, total 1216k
Oct 24 18:32:39 myarch kernel: fbcon: Deferring console take-over
Oct 24 18:32:39 myarch kernel: fb0: VESA VGA frame buffer device
Oct 24 18:32:39 myarch kernel: hid: raw HID events driver (C) Jiri Kosina
Oct 24 18:32:39 myarch kernel: drop_monitor: Initializing network drop monitor service
Oct 24 18:32:39 myarch kernel: Initializing XFRM netlink socket
Oct 24 18:32:39 myarch kernel: NET: Registered PF_INET6 protocol family
Oct 24 18:32:39 myarch kernel: Segment Routing with IPv6
Oct 24 18:32:39 myarch kernel: RPL Segment Routing with IPv6
Oct 24 18:32:39 myarch kernel: In-situ OAM (IOAM) with IPv6
Oct 24 18:32:39 myarch kernel: NET: Registered PF_PACKET protocol family
Oct 24 18:32:39 myarch kernel: microcode: sig=0x206c2, pf=0x1, revision=0x1f
Oct 24 18:32:39 myarch kernel: microcode: Microcode Update Driver: v2.2.
Oct 24 18:32:39 myarch kernel: IPI shorthand broadcast: enabled
Oct 24 18:32:39 myarch kernel: sched_clock: Marking stable (843784380, 82475838)->(941268000, -15007782)
Oct 24 18:32:39 myarch kernel: registered taskstats version 1
Oct 24 18:32:39 myarch kernel: Loading compiled-in X.509 certificates
Oct 24 18:32:39 myarch kernel: Loaded X.509 cert 'Build time autogenerated kernel key: 8745dd950f98fb9c57addff659f1e9ba07314c03'
Oct 24 18:32:39 myarch kernel: zswap: loaded using pool lz4/z3fold
Oct 24 18:32:39 myarch kernel: Key type ._fscrypt registered
Oct 24 18:32:39 myarch kernel: Key type .fscrypt registered
Oct 24 18:32:39 myarch kernel: Key type fscrypt-provisioning registered
Oct 24 18:32:39 myarch kernel: PM:   Magic number: 10:378:507
Oct 24 18:32:39 myarch kernel: RAS: Correctable Errors collector initialized.
Oct 24 18:32:39 myarch kernel: usb 1-3: new high-speed USB device number 2 using ehci-pci
Oct 24 18:32:39 myarch kernel: usb 2-3: new high-speed USB device number 2 using ehci-pci
Oct 24 18:32:39 myarch kernel: ata1: SATA link up 3.0 Gbps (SStatus 123 SControl 300)
Oct 24 18:32:39 myarch kernel: ata2: SATA link up 3.0 Gbps (SStatus 123 SControl 300)
Oct 24 18:32:39 myarch kernel: ata6: SATA link down (SStatus 0 SControl 300)
Oct 24 18:32:39 myarch kernel: ata1.00: supports DRM functions and may not be fully accessible
Oct 24 18:32:39 myarch kernel: ata1.00: ATA-9: SAMSUNG MZ7PD256HCGM-000H7, DXM06H6Q, max UDMA/133
Oct 24 18:32:39 myarch kernel: ata5: SATA link up 3.0 Gbps (SStatus 123 SControl 300)
Oct 24 18:32:39 myarch kernel: ata1.00: NCQ Send/Recv Log not supported
Oct 24 18:32:39 myarch kernel: ata1.00: 500118192 sectors, multi 1: LBA48 NCQ (depth 32), AA
Oct 24 18:32:39 myarch kernel: ata2.00: ATA-9: ST2000DM006-2DM164, CC26, max UDMA/133
Oct 24 18:32:39 myarch kernel: ata3: SATA link up 3.0 Gbps (SStatus 123 SControl 300)
Oct 24 18:32:39 myarch kernel: ata2.00: 3907029168 sectors, multi 0: LBA48 NCQ (depth 32), AA
Oct 24 18:32:39 myarch kernel: ata4: SATA link up 3.0 Gbps (SStatus 123 SControl 300)
Oct 24 18:32:39 myarch kernel: ata1.00: Features: Trust Dev-Sleep
Oct 24 18:32:39 myarch kernel: ata3.00: ATA-9: ST2000DM006-2DM164, CC26, max UDMA/133
Oct 24 18:32:39 myarch kernel: ata1.00: supports DRM functions and may not be fully accessible
Oct 24 18:32:39 myarch kernel: ata3.00: 3907029168 sectors, multi 0: LBA48 NCQ (depth 32), AA
Oct 24 18:32:39 myarch kernel: ata1.00: NCQ Send/Recv Log not supported
Oct 24 18:32:39 myarch kernel: ata2.00: configured for UDMA/133
Oct 24 18:32:39 myarch kernel: ata4.00: ATA-9: ST2000DM006-2DM164, CC26, max UDMA/133
Oct 24 18:32:39 myarch kernel: ata4.00: 3907029168 sectors, multi 0: LBA48 NCQ (depth 32), AA
Oct 24 18:32:39 myarch kernel: ata3.00: configured for UDMA/133
Oct 24 18:32:39 myarch kernel: ata1.00: configured for UDMA/133
Oct 24 18:32:39 myarch kernel: scsi 0:0:0:0: Direct-Access     ATA      SAMSUNG MZ7PD256 6H6Q PQ: 0 ANSI: 5
Oct 24 18:32:39 myarch kernel: ata4.00: configured for UDMA/133
Oct 24 18:32:39 myarch kernel: sd 0:0:0:0: [sda] 500118192 512-byte logical blocks: (256 GB/238 GiB)
Oct 24 18:32:39 myarch kernel: sd 0:0:0:0: [sda] Write Protect is off
Oct 24 18:32:39 myarch kernel: sd 0:0:0:0: [sda] Mode Sense: 00 3a 00 00
Oct 24 18:32:39 myarch kernel: scsi 1:0:0:0: Direct-Access     ATA      ST2000DM006-2DM1 CC26 PQ: 0 ANSI: 5
Oct 24 18:32:39 myarch kernel: sd 0:0:0:0: [sda] Write cache: enabled, read cache: enabled, doesn't support DPO or FUA
Oct 24 18:32:39 myarch kernel: sd 0:0:0:0: [sda] Preferred minimum I/O size 512 bytes
Oct 24 18:32:39 myarch kernel: sd 1:0:0:0: [sdb] 3907029168 512-byte logical blocks: (2.00 TB/1.82 TiB)
Oct 24 18:32:39 myarch kernel: sd 1:0:0:0: [sdb] 4096-byte physical blocks
Oct 24 18:32:39 myarch kernel: sd 1:0:0:0: [sdb] Write Protect is off
Oct 24 18:32:39 myarch kernel: sd 1:0:0:0: [sdb] Mode Sense: 00 3a 00 00
Oct 24 18:32:39 myarch kernel: sd 1:0:0:0: [sdb] Write cache: enabled, read cache: enabled, doesn't support DPO or FUA
Oct 24 18:32:39 myarch kernel: sd 1:0:0:0: [sdb] Preferred minimum I/O size 4096 bytes
Oct 24 18:32:39 myarch kernel: scsi 2:0:0:0: Direct-Access     ATA      ST2000DM006-2DM1 CC26 PQ: 0 ANSI: 5
Oct 24 18:32:39 myarch kernel: sd 2:0:0:0: [sdc] 3907029168 512-byte logical blocks: (2.00 TB/1.82 TiB)
Oct 24 18:32:39 myarch kernel: sd 2:0:0:0: [sdc] 4096-byte physical blocks
Oct 24 18:32:39 myarch kernel: sd 2:0:0:0: [sdc] Write Protect is off
Oct 24 18:32:39 myarch kernel: sd 2:0:0:0: [sdc] Mode Sense: 00 3a 00 00
Oct 24 18:32:39 myarch kernel: sd 2:0:0:0: [sdc] Write cache: enabled, read cache: enabled, doesn't support DPO or FUA
Oct 24 18:32:39 myarch kernel: sd 2:0:0:0: [sdc] Preferred minimum I/O size 4096 bytes
Oct 24 18:32:39 myarch kernel: scsi 3:0:0:0: Direct-Access     ATA      ST2000DM006-2DM1 CC26 PQ: 0 ANSI: 5
Oct 24 18:32:39 myarch kernel: sd 3:0:0:0: [sdd] 3907029168 512-byte logical blocks: (2.00 TB/1.82 TiB)
Oct 24 18:32:39 myarch kernel: sd 3:0:0:0: [sdd] 4096-byte physical blocks
Oct 24 18:32:39 myarch kernel: sd 3:0:0:0: [sdd] Write Protect is off
Oct 24 18:32:39 myarch kernel: sd 3:0:0:0: [sdd] Mode Sense: 00 3a 00 00
Oct 24 18:32:39 myarch kernel: sd 3:0:0:0: [sdd] Write cache: enabled, read cache: enabled, doesn't support DPO or FUA
Oct 24 18:32:39 myarch kernel: sd 3:0:0:0: [sdd] Preferred minimum I/O size 4096 bytes
Oct 24 18:32:39 myarch kernel:  sda: sda1 sda2 sda3
Oct 24 18:32:39 myarch kernel: sd 0:0:0:0: [sda] supports TCG Opal
Oct 24 18:32:39 myarch kernel: sd 0:0:0:0: [sda] Attached SCSI disk
Oct 24 18:32:39 myarch kernel: ata5.00: ATA-10: ST2000DM008-2FR102, 0001, max UDMA/133
Oct 24 18:32:39 myarch kernel: ata5.00: 3907029168 sectors, multi 16: LBA48 NCQ (depth 32), AA
Oct 24 18:32:39 myarch kernel:  sdc: sdc1
Oct 24 18:32:39 myarch kernel: sd 2:0:0:0: [sdc] Attached SCSI disk
Oct 24 18:32:39 myarch kernel:  sdd: sdd1
Oct 24 18:32:39 myarch kernel: sd 3:0:0:0: [sdd] Attached SCSI disk
Oct 24 18:32:39 myarch kernel:  sdb: sdb1 sdb2 < sdb5 sdb6 >
Oct 24 18:32:39 myarch kernel: sd 1:0:0:0: [sdb] Attached SCSI disk
Oct 24 18:32:39 myarch kernel: ata5.00: configured for UDMA/133
Oct 24 18:32:39 myarch kernel: scsi 4:0:0:0: Direct-Access     ATA      ST2000DM008-2FR1 0001 PQ: 0 ANSI: 5
Oct 24 18:32:39 myarch kernel: sd 4:0:0:0: [sde] 3907029168 512-byte logical blocks: (2.00 TB/1.82 TiB)
Oct 24 18:32:39 myarch kernel: sd 4:0:0:0: [sde] 4096-byte physical blocks
Oct 24 18:32:39 myarch kernel: sd 4:0:0:0: [sde] Write Protect is off
Oct 24 18:32:39 myarch kernel: sd 4:0:0:0: [sde] Mode Sense: 00 3a 00 00
Oct 24 18:32:39 myarch kernel: sd 4:0:0:0: [sde] Write cache: enabled, read cache: enabled, doesn't support DPO or FUA
Oct 24 18:32:39 myarch kernel: sd 4:0:0:0: [sde] Preferred minimum I/O size 4096 bytes
Oct 24 18:32:39 myarch kernel: usb 1-3: New USB device found, idVendor=ffff, idProduct=5678, bcdDevice= 2.00
Oct 24 18:32:39 myarch kernel: usb 1-3: New USB device strings: Mfr=1, Product=2, SerialNumber=3
Oct 24 18:32:39 myarch kernel: usb 1-3: Product: Disk 2.0
Oct 24 18:32:39 myarch kernel: usb 1-3: Manufacturer: USB
Oct 24 18:32:39 myarch kernel: usb 1-3: SerialNumber: 920706241C827225909
Oct 24 18:32:39 myarch kernel: usb 2-3: New USB device found, idVendor=03f0, idProduct=0653, bcdDevice= 1.00
Oct 24 18:32:39 myarch kernel: usb 2-3: New USB device strings: Mfr=1, Product=2, SerialNumber=3
Oct 24 18:32:39 myarch kernel: usb 2-3: Product: DeskJet 3700 series
Oct 24 18:32:39 myarch kernel: usb 2-3: Manufacturer: HP
Oct 24 18:32:39 myarch kernel: usb 2-3: SerialNumber: CN09B7J1MZ06GY
Oct 24 18:32:39 myarch kernel:  sde: sde1
Oct 24 18:32:39 myarch kernel: sd 4:0:0:0: [sde] Attached SCSI disk
Oct 24 18:32:39 myarch kernel: Freeing unused decrypted memory: 2036K
Oct 24 18:32:39 myarch kernel: Freeing unused kernel image (initmem) memory: 2120K
Oct 24 18:32:39 myarch kernel: Write protecting the kernel read-only data: 28672k
Oct 24 18:32:39 myarch kernel: Freeing unused kernel image (text/rodata gap) memory: 2040K
Oct 24 18:32:39 myarch kernel: Freeing unused kernel image (rodata/data gap) memory: 972K
Oct 24 18:32:39 myarch kernel: x86/mm: Checked W+X mappings: passed, no W+X pages found.
Oct 24 18:32:39 myarch kernel: rodata_test: all tests were successful
Oct 24 18:32:39 myarch kernel: x86/mm: Checking user space page tables
Oct 24 18:32:39 myarch kernel: x86/mm: Checked W+X mappings: passed, no W+X pages found.
Oct 24 18:32:39 myarch kernel: Run /init as init process
Oct 24 18:32:39 myarch kernel:   with arguments:
Oct 24 18:32:39 myarch kernel:     /init
Oct 24 18:32:39 myarch kernel:   with environment:
Oct 24 18:32:39 myarch kernel:     HOME=/
Oct 24 18:32:39 myarch kernel:     TERM=linux
Oct 24 18:32:39 myarch kernel:     BOOT_IMAGE=/vmlinuz-linux
Oct 24 18:32:39 myarch kernel: fbcon: Taking over console
Oct 24 18:32:39 myarch kernel: Console: switching to colour frame buffer device 80x30
Oct 24 18:32:39 myarch kernel: usb 7-2: new low-speed USB device number 2 using uhci_hcd
Oct 24 18:32:39 myarch kernel: usb 4-2: new full-speed USB device number 2 using uhci_hcd
Oct 24 18:32:39 myarch kernel: usb 7-2: New USB device found, idVendor=046d, idProduct=c505, bcdDevice=17.21
Oct 24 18:32:39 myarch kernel: usb 7-2: New USB device strings: Mfr=1, Product=2, SerialNumber=0
Oct 24 18:32:39 myarch kernel: usb 7-2: Product: USB Receiver
Oct 24 18:32:39 myarch kernel: usb 7-2: Manufacturer: Logitech
Oct 24 18:32:39 myarch kernel: tsc: Refined TSC clocksource calibration: 3066.774 MHz
Oct 24 18:32:39 myarch kernel: clocksource: tsc: mask: 0xffffffffffffffff max_cycles: 0x2c34ac38ef8, max_idle_ns: 440795267375 ns
Oct 24 18:32:39 myarch kernel: clocksource: Switched to clocksource tsc
Oct 24 18:32:39 myarch kernel: input: Logitech USB Receiver as /devices/pci0000:00/0000:00:1d.1/usb7/7-2/7-2:1.0/0003:046D:C505.0001/input/input2
Oct 24 18:32:39 myarch kernel: hid-generic 0003:046D:C505.0001: input,hidraw0: USB HID v1.10 Keyboard [Logitech USB Receiver] on usb-0000:00:1d.1-2/input0
Oct 24 18:32:39 myarch kernel: usb 4-2: New USB device found, idVendor=04d9, idProduct=a0f0, bcdDevice= 2.0d
Oct 24 18:32:39 myarch kernel: usb 4-2: New USB device strings: Mfr=1, Product=2, SerialNumber=0
Oct 24 18:32:39 myarch kernel: usb 4-2: Product: Gaming Mouse
Oct 24 18:32:39 myarch kernel: usb 4-2: Manufacturer: Holtek
Oct 24 18:32:39 myarch kernel: input: Logitech USB Receiver Mouse as /devices/pci0000:00/0000:00:1d.1/usb7/7-2/7-2:1.1/0003:046D:C505.0002/input/input3
Oct 24 18:32:39 myarch kernel: input: Holtek Gaming Mouse as /devices/pci0000:00/0000:00:1a.1/usb4/4-2/4-2:1.0/0003:04D9:A0F0.0003/input/input6
Oct 24 18:32:39 myarch kernel: input: Logitech USB Receiver Consumer Control as /devices/pci0000:00/0000:00:1d.1/usb7/7-2/7-2:1.1/0003:046D:C505.0002/input/input4
Oct 24 18:32:39 myarch kernel: input: Holtek Gaming Mouse as /devices/pci0000:00/0000:00:1a.1/usb4/4-2/4-2:1.0/0003:04D9:A0F0.0003/input/input7
Oct 24 18:32:39 myarch kernel: input: Logitech USB Receiver System Control as /devices/pci0000:00/0000:00:1d.1/usb7/7-2/7-2:1.1/0003:046D:C505.0002/input/input5
Oct 24 18:32:39 myarch kernel: hid-generic 0003:046D:C505.0002: input,hidraw1: USB HID v1.10 Mouse [Logitech USB Receiver] on usb-0000:00:1d.1-2/input1
Oct 24 18:32:39 myarch kernel: hid-generic 0003:04D9:A0F0.0003: input,hiddev96,hidraw2: USB HID v1.10 Mouse [Holtek Gaming Mouse] on usb-0000:00:1a.1-2/input0
Oct 24 18:32:39 myarch kernel: usbcore: registered new interface driver usbhid
Oct 24 18:32:39 myarch kernel: usbhid: USB HID core driver
Oct 24 18:32:39 myarch kernel: usb-storage 1-3:1.0: USB Mass Storage device detected
Oct 24 18:32:39 myarch kernel: scsi host6: usb-storage 1-3:1.0
Oct 24 18:32:39 myarch kernel: usbcore: registered new interface driver usb-storage
Oct 24 18:32:39 myarch kernel: usbcore: registered new interface driver uas
Oct 24 18:32:39 myarch kernel: usb 8-1: new full-speed USB device number 2 using uhci_hcd
Oct 24 18:32:39 myarch kernel: usb 8-1: New USB device found, idVendor=0d8c, idProduct=0046, bcdDevice= 0.06
Oct 24 18:32:39 myarch kernel: usb 8-1: New USB device strings: Mfr=1, Product=2, SerialNumber=0
Oct 24 18:32:39 myarch kernel: usb 8-1: Product: Thronmax MDrill Zero
Oct 24 18:32:39 myarch kernel: usb 8-1: Manufacturer: 20102019
Oct 24 18:32:39 myarch kernel: input: 20102019 Thronmax MDrill Zero as /devices/pci0000:00/0000:00:1d.2/usb8/8-1/8-1:1.3/0003:0D8C:0046.0004/input/input8
